[    0.000000] Linux version 5.4.0-164-generic (root@node-0.xen411.emulab-ops.emulab.net) (gcc version 9.4.0 (Ubuntu 9.4.0-1ubuntu1~20.04.1)) #181 SMP Mon Oct 9 14:25:51 MDT 2023 (Ubuntu 5.4.0-164.181-generic 5.4.248)
[    0.000000] Command line: placeholder root=UUID=8b9e1980-828f-418f-ae44-80689ca8bd2f ro console=hvc0 earlyprintk=xen net.ifnames=0
[    0.000000] KERNEL supported cpus:
[    0.000000]   Intel GenuineIntel
[    0.000000]   AMD AuthenticAMD
[    0.000000]   Hygon HygonGenuine
[    0.000000]   Centaur CentaurHauls
[    0.000000]   zhaoxin   Shanghai  
[    0.000000] Released 0 page(s)
[    0.000000] BIOS-provided physical RAM map:
[    0.000000] Xen: [mem 0x0000000000000000-0x0000000000098fff] usable
[    0.000000] Xen: [mem 0x0000000000099000-0x00000000000fffff] reserved
[    0.000000] Xen: [mem 0x0000000000100000-0x0000000067acefff] usable
[    0.000000] Xen: [mem 0x0000000067acf000-0x000000006dfcefff] reserved
[    0.000000] Xen: [mem 0x000000006dfcf000-0x000000006edfefff] ACPI NVS
[    0.000000] Xen: [mem 0x000000006edff000-0x000000006effefff] ACPI data
[    0.000000] Xen: [mem 0x000000006efff000-0x000000006effffff] usable
[    0.000000] Xen: [mem 0x000000006f000000-0x000000006fffffff] ACPI NVS
[    0.000000] Xen: [mem 0x0000000070000000-0x000000008fffffff] reserved
[    0.000000] Xen: [mem 0x00000000aa000000-0x00000000aaffffff] reserved
[    0.000000] Xen: [mem 0x00000000c5000000-0x00000000c5ffffff] reserved
[    0.000000] Xen: [mem 0x00000000e0000000-0x00000000e0ffffff] reserved
[    0.000000] Xen: [mem 0x00000000fd000000-0x00000000ffffffff] reserved
[    0.000000] Xen: [mem 0x0000000100000000-0x0000000affffffff] usable
[    0.000000] Xen: [mem 0x000000207f200000-0x000000207fffffff] reserved
[    0.000000] Xen: [mem 0x000000fd00000000-0x00000100201fffff] reserved
[    0.000000] Xen: [mem 0x000002bf40000000-0x000002bf601fffff] reserved
[    0.000000] Xen: [mem 0x0000047e80000000-0x0000047ea01fffff] reserved
[    0.000000] Xen: [mem 0x0000063dc0000000-0x0000063de01fffff] reserved
[    0.000000] NX (Execute Disable) protection: active
[    0.000000] SMBIOS 3.3 present.
[    0.000000] DMI: Dell Inc. PowerEdge C6525/04DK47, BIOS 2.0.3 01/15/2021
[    0.000000] Hypervisor detected: Xen PV
[    0.029201] tsc: Fast TSC calibration using PIT
[    0.029203] tsc: Detected 2994.520 MHz processor
[    0.029203] tsc: Detected 2994.390 MHz TSC
[    0.037985] e820: update [mem 0x00000000-0x00000fff] usable ==> reserved
[    0.037986] e820: remove [mem 0x000a0000-0x000fffff] usable
[    0.037991] last_pfn = 0xb00000 max_arch_pfn = 0x400000000
[    0.037992] Disabled
[    0.037993] x86/PAT: MTRRs disabled, skipping PAT initialization too.
[    0.037996] x86/PAT: Configuration [0-7]: WB  WT  UC- UC  WC  WP  UC  UC  
[    0.037997] last_pfn = 0x6f000 max_arch_pfn = 0x400000000
[    0.042682] check: Scanning 1 areas for low memory corruption
[    2.721445] RAMDISK: [mem 0x08000000-0x0ae5afff]
[    2.721451] ACPI: Early table checksum verification disabled
[    2.722625] ACPI: RSDP 0x00000000000FE320 000024 (v02 DELL  )
[    2.722632] ACPI: XSDT 0x000000006EFFD0E8 0000A4 (v01 DELL   PE_SC3   00000002 DELL 00000001)
[    2.722666] ACPI: FACP 0x000000006EFFA000 000114 (v06 DELL   PE_SC3   00000002 DELL 00000001)
[    2.722713] ACPI: DSDT 0x000000006EFD7000 01CB06 (v02 DELL   PE_SC3   00000002 DELL 00000001)
[    2.722720] ACPI: FACS 0x000000006EDB4000 000040
[    2.722728] ACPI: BERT 0x000000006EFFC000 000030 (v01 DELL   PE_SC3   00000001 DELL 00000001)
[    2.722734] ACPI: HEST 0x000000006EFFB000 0007F4 (v01 DELL   PE_SC3   00000001 DELL 00000001)
[    2.722741] ACPI: HPET 0x000000006EFF9000 000038 (v01 DELL   PE_SC3   00000002 DELL 00000001)
[    2.722748] ACPI: APIC 0x000000006EFF7000 0018BE (v04 DELL   PE_SC3   00000002 DELL 00000001)
[    2.722753] ACPI: MCFG 0x000000006EFF6000 00003C (v01 DELL   PE_SC3   00000002 DELL 00000001)
[    2.722759] ACPI: WSMT 0x000000006EFF5000 000028 (v01 DELL   PE_SC3   00000002 DELL 00000001)
[    2.722765] ACPI: SLIC 0x000000006EFF4000 000024 (v01 DELL   PE_SC3   00000002 DELL 00000001)
[    2.722771] ACPI: SSDT 0x000000006EFD6000 000458 (v02 DELL   xhc_port 00000001 INTL 20200430)
[    2.722777] ACPI: SSDT 0x000000006EFD5000 000C28 (v01 AMD    CPMRAS   00000001 INTL 20200430)
[    2.722783] ACPI: EINJ 0x000000006EFD4000 000150 (v01 AMD    PE_SC3   00000001 AMD  00000001)
[    2.722788] ACPI: SSDT 0x000000006EFD2000 001004 (v01 DELL   PE_SC3   00000001 AMD  00000001)
[    2.722794] ACPI: CRAT 0x000000006EFD0000 001ED0 (v01 DELL   PE_SC3   00000001 AMD  00000001)
[    2.722800] ACPI: CDIT 0x000000006EFCF000 000029 (v01 DELL   PE_SC3   00000001 AMD  00000001)
[    2.722806] ACPI: IVRS 0x000000006EFCE000 0001F0 (v02 DELL   PE_SC3   00000001 AMD  00000000)
[    2.722812] ACPI: SSDT 0x000000006EFCC000 001822 (v02 AMD    CPMCMN   00000001 INTL 20200430)
[    2.722815] ACPI: Reserving FACP table memory at [mem 0x6effa000-0x6effa113]
[    2.722816] ACPI: Reserving DSDT table memory at [mem 0x6efd7000-0x6eff3b05]
[    2.722817] ACPI: Reserving FACS table memory at [mem 0x6edb4000-0x6edb403f]
[    2.722818] ACPI: Reserving BERT table memory at [mem 0x6effc000-0x6effc02f]
[    2.722819] ACPI: Reserving HEST table memory at [mem 0x6effb000-0x6effb7f3]
[    2.722819] ACPI: Reserving HPET table memory at [mem 0x6eff9000-0x6eff9037]
[    2.722820] ACPI: Reserving APIC table memory at [mem 0x6eff7000-0x6eff88bd]
[    2.722821] ACPI: Reserving MCFG table memory at [mem 0x6eff6000-0x6eff603b]
[    2.722822] ACPI: Reserving WSMT table memory at [mem 0x6eff5000-0x6eff5027]
[    2.722823] ACPI: Reserving SLIC table memory at [mem 0x6eff4000-0x6eff4023]
[    2.722823] ACPI: Reserving SSDT table memory at [mem 0x6efd6000-0x6efd6457]
[    2.722824] ACPI: Reserving SSDT table memory at [mem 0x6efd5000-0x6efd5c27]
[    2.722825] ACPI: Reserving EINJ table memory at [mem 0x6efd4000-0x6efd414f]
[    2.722826] ACPI: Reserving SSDT table memory at [mem 0x6efd2000-0x6efd3003]
[    2.722827] ACPI: Reserving CRAT table memory at [mem 0x6efd0000-0x6efd1ecf]
[    2.722827] ACPI: Reserving CDIT table memory at [mem 0x6efcf000-0x6efcf028]
[    2.722828] ACPI: Reserving IVRS table memory at [mem 0x6efce000-0x6efce1ef]
[    2.722829] ACPI: Reserving SSDT table memory at [mem 0x6efcc000-0x6efcd821]
[    2.722850] ACPI: Local APIC address 0xfee00000
[    2.722851] Setting APIC routing to Xen PV.
[    2.723011] NUMA turned off
[    2.723012] Faking a node at [mem 0x0000000000000000-0x0000000affffffff]
[    2.723019] NODE_DATA(0) allocated [mem 0x6276b000-0x62795fff]
[    2.786731] Zone ranges:
[    2.786732]   DMA      [mem 0x0000000000001000-0x0000000000ffffff]
[    2.786734]   DMA32    [mem 0x0000000001000000-0x00000000ffffffff]
[    2.786735]   Normal   [mem 0x0000000100000000-0x0000000affffffff]
[    2.786736]   Device   empty
[    2.786737] Movable zone start for each node
[    2.786739] Early memory node ranges
[    2.786740]   node   0: [mem 0x0000000000001000-0x0000000000098fff]
[    2.786742]   node   0: [mem 0x0000000000100000-0x0000000067acefff]
[    2.786743]   node   0: [mem 0x000000006efff000-0x000000006effffff]
[    2.786744]   node   0: [mem 0x0000000100000000-0x0000000affffffff]
[    2.786933] Zeroed struct page in unavailable ranges: 34200 pages
[    2.786934] Initmem setup node 0 [mem 0x0000000000001000-0x0000000affffffff]
[    2.786935] On node 0 totalpages: 10910312
[    2.786937]   DMA zone: 64 pages used for memmap
[    2.786937]   DMA zone: 21 pages reserved
[    2.786938]   DMA zone: 3992 pages, LIFO batch:0
[    2.786971]   DMA32 zone: 6572 pages used for memmap
[    2.786971]   DMA32 zone: 420560 pages, LIFO batch:63
[    2.792540]   Normal zone: 163840 pages used for memmap
[    2.792541]   Normal zone: 10485760 pages, LIFO batch:63
[    2.870047] p2m virtual area at (____ptrval____), size is 40000000
[    3.360125] Remapped 624023 page(s)
[    3.360900] ACPI: PM-Timer IO Port: 0x408
[    3.360905] ACPI: Local APIC address 0xfee00000
[    3.361407] ACPI: X2APIC_NMI (uid[0xffffffff] high edge lint[0x1])
[    3.361479] ACPI: LAPIC_NMI (acpi_id[0xff] high edge lint[0x1])
[    3.361631] IOAPIC[0]: apic_id 240, version 33, address 0xfec00000, GSI 0-23
[    3.361639] IOAPIC[1]: apic_id 241, version 33, address 0xe0100000, GSI 120-151
[    3.361647] IOAPIC[2]: apic_id 242, version 33, address 0xc5100000, GSI 88-119
[    3.361656] IOAPIC[3]: apic_id 243, version 33, address 0xaa100000, GSI 56-87
[    3.361664] IOAPIC[4]: apic_id 244, version 33, address 0xfd100000, GSI 24-55
[    3.361805] ACPI: INT_SRC_OVR (bus 0 bus_irq 0 global_irq 2 dfl dfl)
[    3.361808] ACPI: INT_SRC_OVR (bus 0 bus_irq 9 global_irq 9 low level)
[    3.361879] ACPI: IRQ0 used by override.
[    3.361880] ACPI: IRQ9 used by override.
[    3.362019] Using ACPI (MADT) for SMP configuration information
[    3.362022] ACPI: HPET id: 0x10228201 base: 0xfed00000
[    3.362028] smpboot: Allowing 32 CPUs, 0 hotplug CPUs
[    3.362049] PM: Registered nosave memory: [mem 0x00000000-0x00000fff]
[    3.362050] PM: Registered nosave memory: [mem 0x00099000-0x000fffff]
[    3.362052] PM: Registered nosave memory: [mem 0x67acf000-0x6dfcefff]
[    3.362052] PM: Registered nosave memory: [mem 0x6dfcf000-0x6edfefff]
[    3.362053] PM: Registered nosave memory: [mem 0x6edff000-0x6effefff]
[    3.362054] PM: Registered nosave memory: [mem 0x6f000000-0x6fffffff]
[    3.362055] PM: Registered nosave memory: [mem 0x70000000-0x8fffffff]
[    3.362055] PM: Registered nosave memory: [mem 0x90000000-0xa9ffffff]
[    3.362056] PM: Registered nosave memory: [mem 0xaa000000-0xaaffffff]
[    3.362057] PM: Registered nosave memory: [mem 0xab000000-0xc4ffffff]
[    3.362057] PM: Registered nosave memory: [mem 0xc5000000-0xc5ffffff]
[    3.362058] PM: Registered nosave memory: [mem 0xc6000000-0xdfffffff]
[    3.362059] PM: Registered nosave memory: [mem 0xe0000000-0xe0ffffff]
[    3.362059] PM: Registered nosave memory: [mem 0xe1000000-0xfcffffff]
[    3.362060] PM: Registered nosave memory: [mem 0xfd000000-0xffffffff]
[    3.362062] [mem 0xe1000000-0xfcffffff] available for PCI devices
[    3.362064] Booting paravirtualized kernel on Xen
[    3.362065] Xen version: 4.11.4-pre (preserve-AD)
[    3.362069] clocksource: refined-jiffies: mask: 0xffffffff max_cycles: 0xffffffff, max_idle_ns: 7645519600211568 ns
[    3.362074] setup_percpu: NR_CPUS:8192 nr_cpumask_bits:32 nr_cpu_ids:32 nr_node_ids:1
[    3.363134] percpu: Embedded 60 pages/cpu s208896 r8192 d28672 u262144
[    3.363139] pcpu-alloc: s208896 r8192 d28672 u262144 alloc=1*2097152
[    3.363140] pcpu-alloc: [0] 00 01 02 03 04 05 06 07 [0] 08 09 10 11 12 13 14 15 
[    3.363143] pcpu-alloc: [0] 16 17 18 19 20 21 22 23 [0] 24 25 26 27 28 29 30 31 
[    3.363191] xen: PV spinlocks enabled
[    3.363194] PV qspinlock hash table entries: 256 (order: 0, 4096 bytes, linear)
[    3.363199] Built 1 zonelists, mobility grouping on.  Total pages: 10739815
[    3.363200] Policy zone: Normal
[    3.363202] Kernel command line: placeholder root=UUID=8b9e1980-828f-418f-ae44-80689ca8bd2f ro console=hvc0 earlyprintk=xen net.ifnames=0
[    3.368684] Dentry cache hash table entries: 8388608 (order: 14, 67108864 bytes, linear)
[    3.371503] Inode-cache hash table entries: 4194304 (order: 13, 33554432 bytes, linear)
[    3.371959] mem auto-init: stack:off, heap alloc:on, heap free:off
[    3.400431] software IO TLB: mapped [mem 0x18dc00000-0x191c00000] (64MB)
[    3.473383] Memory: 3073120K/43641248K available (14339K kernel code, 2394K rwdata, 4812K rodata, 2764K init, 17232K bss, 40568128K reserved, 0K cma-reserved)
[    3.474034] SLUB: HWalign=64, Order=0-3, MinObjects=0, CPUs=32, Nodes=1
[    3.474350] ftrace: allocating 44703 entries in 175 pages
[    3.486482] rcu: Hierarchical RCU implementation.
[    3.486483] rcu: 	RCU restricting CPUs from NR_CPUS=8192 to nr_cpu_ids=32.
[    3.486484] 	Tasks RCU enabled.
[    3.486485] rcu: RCU calculated value of scheduler-enlistment delay is 25 jiffies.
[    3.486486] rcu: Adjusting geometry for rcu_fanout_leaf=16, nr_cpu_ids=32
[    3.489362] Using NULL legacy PIC
[    3.489363] NR_IRQS: 524544, nr_irqs: 2856, preallocated irqs: 0
[    3.489402] xen:events: Using FIFO-based ABI
[    3.489418] xen: --> pirq=1 -> irq=1 (gsi=1)
[    3.489423] xen: --> pirq=2 -> irq=2 (gsi=2)
[    3.489427] xen: --> pirq=3 -> irq=3 (gsi=3)
[    3.489432] xen: --> pirq=4 -> irq=4 (gsi=4)
[    3.489436] xen: --> pirq=5 -> irq=5 (gsi=5)
[    3.489440] xen: --> pirq=6 -> irq=6 (gsi=6)
[    3.489445] xen: --> pirq=7 -> irq=7 (gsi=7)
[    3.489449] xen: --> pirq=8 -> irq=8 (gsi=8)
[    3.489454] xen: --> pirq=9 -> irq=9 (gsi=9)
[    3.489459] xen: --> pirq=10 -> irq=10 (gsi=10)
[    3.489463] xen: --> pirq=11 -> irq=11 (gsi=11)
[    3.489468] xen: --> pirq=12 -> irq=12 (gsi=12)
[    3.489472] xen: --> pirq=13 -> irq=13 (gsi=13)
[    3.489477] xen: --> pirq=14 -> irq=14 (gsi=14)
[    3.489481] xen: --> pirq=15 -> irq=15 (gsi=15)
[    3.489506] random: crng init done
[    3.493674] Console: colour VGA+ 80x25
[    3.505033] printk: console [tty0] enabled
[    3.505409] printk: console [hvc0] enabled
[    3.505491] ACPI: Core revision 20190816
[    3.525157] clocksource: xen: mask: 0xffffffffffffffff max_cycles: 0x1cd42e4dffb, max_idle_ns: 881590591483 ns
[    3.525271] Xen: using vcpuop timer interface
[    3.525274] installing Xen timer for CPU 0
[    3.525356] clocksource: tsc-early: mask: 0xffffffffffffffff max_cycles: 0x2b29918c98b, max_idle_ns: 440795222831 ns
[    3.525461] Calibrating delay loop (skipped), value calculated using timer frequency.. 5988.78 BogoMIPS (lpj=11977560)
[    3.525608] Last level iTLB entries: 4KB 1024, 2MB 1024, 4MB 512
[    3.525680] Last level dTLB entries: 4KB 2048, 2MB 2048, 4MB 1024, 1GB 0
[    3.525756] Spectre V1 : Mitigation: usercopy/swapgs barriers and __user pointer sanitization
[    3.525851] Spectre V2 : Mitigation: Retpolines
[    3.525918] Spectre V2 : Spectre v2 / SpectreRSB mitigation: Filling RSB on context switch
[    3.526912] Spectre V2 : Spectre v2 / SpectreRSB : Filling RSB on VMEXIT
[    3.526987] RETBleed: Vulnerable
[    3.527049] Spectre V2 : mitigation: Enabling conditional Indirect Branch Prediction Barrier
[    3.527149] Speculative Store Bypass: Mitigation: Speculative Store Bypass disabled via prctl and seccomp
[    3.527259] x86/fpu: Supporting XSAVE feature 0x001: 'x87 floating point registers'
[    3.527351] x86/fpu: Supporting XSAVE feature 0x002: 'SSE registers'
[    3.527459] x86/fpu: Supporting XSAVE feature 0x004: 'AVX registers'
[    3.527533] x86/fpu: xstate_offset[2]:  576, xstate_sizes[2]:  256
[    3.527606] x86/fpu: Enabled xstate features 0x7, context size is 832 bytes, using 'standard' format.
[    3.527809] Freeing SMP alternatives memory: 40K
[    3.530455] pid_max: default: 32768 minimum: 301
[    3.530554] LSM: Security Framework initializing
[    3.530629] Yama: becoming mindful.
[    3.530751] AppArmor: AppArmor initialized
[    3.530918] Mount-cache hash table entries: 131072 (order: 8, 1048576 bytes, linear)
[    3.531080] Mountpoint-cache hash table entries: 131072 (order: 8, 1048576 bytes, linear)
[    3.531186] *** VALIDATE tmpfs ***
[    3.531363] *** VALIDATE proc ***
[    3.531473] *** VALIDATE cgroup1 ***
[    3.531537] *** VALIDATE cgroup2 ***
[    3.533528] cpu 0 spinlock event irq 153
[    3.533603] VPMU disabled by hypervisor.
[    3.533767] Performance Events: PMU not available due to virtualization, using software events only.
[    3.533905] rcu: Hierarchical SRCU implementation.
[    3.534469] NMI watchdog: Perf NMI watchdog permanently disabled
[    3.534776] smp: Bringing up secondary CPUs ...
[    3.534935] installing Xen timer for CPU 1
[    3.535620] cpu 1 spinlock event irq 163
[    3.535620] installing Xen timer for CPU 2
[    3.537657] cpu 2 spinlock event irq 169
[    3.537657] installing Xen timer for CPU 3
[    3.537766] cpu 3 spinlock event irq 175
[    3.537766] installing Xen timer for CPU 4
[    3.537828] cpu 4 spinlock event irq 181
[    3.537828] installing Xen timer for CPU 5
[    3.537828] cpu 5 spinlock event irq 187
[    3.537828] installing Xen timer for CPU 6
[    3.537828] cpu 6 spinlock event irq 193
[    3.537828] installing Xen timer for CPU 7
[    3.541499] cpu 7 spinlock event irq 199
[    3.541571] installing Xen timer for CPU 8
[    3.541845] cpu 8 spinlock event irq 205
[    3.541845] installing Xen timer for CPU 9
[    3.541845] cpu 9 spinlock event irq 211
[    3.541845] installing Xen timer for CPU 10
[    3.541845] cpu 10 spinlock event irq 217
[    3.541845] installing Xen timer for CPU 11
[    3.541845] cpu 11 spinlock event irq 223
[    3.541845] installing Xen timer for CPU 12
[    3.545549] cpu 12 spinlock event irq 229
[    3.545631] installing Xen timer for CPU 13
[    3.545797] cpu 13 spinlock event irq 235
[    3.545797] installing Xen timer for CPU 14
[    3.545797] cpu 14 spinlock event irq 241
[    3.545797] installing Xen timer for CPU 15
[    3.545797] cpu 15 spinlock event irq 247
[    3.545797] installing Xen timer for CPU 16
[    3.545864] cpu 16 spinlock event irq 253
[    3.545864] installing Xen timer for CPU 17
[    3.549615] cpu 17 spinlock event irq 259
[    3.549615] installing Xen timer for CPU 18
[    3.549808] cpu 18 spinlock event irq 265
[    3.549808] installing Xen timer for CPU 19
[    3.549808] cpu 19 spinlock event irq 271
[    3.549808] installing Xen timer for CPU 20
[    3.549854] cpu 20 spinlock event irq 277
[    3.549854] installing Xen timer for CPU 21
[    3.549854] cpu 21 spinlock event irq 283
[    3.549854] installing Xen timer for CPU 22
[    3.553645] cpu 22 spinlock event irq 289
[    3.553645] installing Xen timer for CPU 23
[    3.553808] cpu 23 spinlock event irq 295
[    3.553808] installing Xen timer for CPU 24
[    3.553869] cpu 24 spinlock event irq 301
[    3.553869] installing Xen timer for CPU 25
[    3.553869] cpu 25 spinlock event irq 307
[    3.553869] installing Xen timer for CPU 26
[    3.553869] cpu 26 spinlock event irq 313
[    3.557503] installing Xen timer for CPU 27
[    3.557788] cpu 27 spinlock event irq 319
[    3.557788] installing Xen timer for CPU 28
[    3.557865] cpu 28 spinlock event irq 325
[    3.557865] installing Xen timer for CPU 29
[    3.557865] cpu 29 spinlock event irq 331
[    3.557865] installing Xen timer for CPU 30
[    3.557865] cpu 30 spinlock event irq 337
[    3.557865] installing Xen timer for CPU 31
[    3.561512] cpu 31 spinlock event irq 343
[    3.561727] smp: Brought up 1 node, 32 CPUs
[    3.561795] smpboot: Max logical packages: 1
[    3.563297] devtmpfs: initialized
[    3.563297] x86/mm: Memory block size: 128MB
[    3.570954] PM: Registering ACPI NVS region [mem 0x6dfcf000-0x6edfefff] (14876672 bytes)
[    3.570954] PM: Registering ACPI NVS region [mem 0x6f000000-0x6fffffff] (16777216 bytes)
[    3.570954] clocksource: jiffies: mask: 0xffffffff max_cycles: 0xffffffff, max_idle_ns: 7645041785100000 ns
[    3.570954] futex hash table entries: 8192 (order: 7, 524288 bytes, linear)
[    3.570954] pinctrl core: initialized pinctrl subsystem
[    3.573544] PM: RTC time: 23:12:02, date: 2024-03-01
[    3.574346] NET: Registered protocol family 16
[    3.574431] xen:grant_table: Grant tables using version 1 layout
[    3.574512] Grant table initialized
[    3.575024] audit: initializing netlink subsys (disabled)
[    3.575101] audit: type=2000 audit(1709334722.738:1): state=initialized audit_enabled=0 res=1
[    3.575101] EISA bus registered
[    3.577494] ACPI FADT declares the system doesn't support PCIe ASPM, so disable it
[    3.577588] ACPI: bus type PCI registered
[    3.577654] acpiphp: ACPI Hot Plug PCI Controller Driver version: 0.5
[    3.577978] PCI: MMCONFIG for domain 0000 [bus 00-ff] at [mem 0x80000000-0x8fffffff] (base 0x80000000)
[    3.578096] PCI: MMCONFIG at [mem 0x80000000-0x8fffffff] reserved in E820
[    3.613846] PCI: Using configuration type 1 for base access
[    3.614076] PCI: Dell System detected, enabling pci=bfsort.
[    3.625546] ACPI: Added _OSI(Module Device)
[    3.625614] ACPI: Added _OSI(Processor Device)
[    3.625681] ACPI: Added _OSI(3.0 _SCP Extensions)
[    3.625749] ACPI: Added _OSI(Processor Aggregator Device)
[    3.625819] ACPI: Added _OSI(Linux-Dell-Video)
[    3.625885] ACPI: Added _OSI(Linux-Lenovo-NV-HDMI-Audio)
[    3.625955] ACPI: Added _OSI(Linux-HPI-Hybrid-Graphics)
[    3.670428] ACPI: 5 ACPI AML tables successfully acquired and loaded
[    3.671918] xen: registering gsi 9 triggering 0 polarity 1
[    3.729809] ACPI: Interpreter enabled
[    3.729883] ACPI: (supports S0 S5)
[    3.729946] ACPI: Using IOAPIC for interrupt routing
[    3.730422] HEST: Table parsing has been initialized.
[    3.730494] PCI: Using host bridge windows from ACPI; if necessary, use "pci=nocrs" and report a bug
[    3.731962] ACPI: Enabled 1 GPEs in block 00 to 1F
[    3.762564] ACPI: PCI Interrupt Link [LNKA] (IRQs 4 5 7 10 *11 14 15)
[    3.762702] ACPI: PCI Interrupt Link [LNKB] (IRQs 4 5 7 *10 11 14 15)
[    3.762836] ACPI: PCI Interrupt Link [LNKC] (IRQs 4 *5 7 10 11 14 15)
[    3.762969] ACPI: PCI Interrupt Link [LNKD] (IRQs 4 5 7 10 11 14 15) *0
[    3.763102] ACPI: PCI Interrupt Link [LNKE] (IRQs 4 5 7 10 11 14 15) *0
[    3.763238] ACPI: PCI Interrupt Link [LNKF] (IRQs 4 5 7 10 *11 14 15)
[    3.763371] ACPI: PCI Interrupt Link [LNKG] (IRQs 4 5 7 10 *11 14 15)
[    3.763503] ACPI: PCI Interrupt Link [LNKH] (IRQs 4 5 7 10 *11 14 15)
[    3.763939] ACPI: PCI Root Bridge [PC00] (domain 0000 [bus 00-3f])
[    3.765467] acpi PNP0A08:00: _OSC: OS supports [ExtendedConfig ASPM ClockPM Segments MSI HPX-Type3]
[    3.765709] acpi PNP0A08:00: PCIe AER handled by firmware
[    3.765915] acpi PNP0A08:00: _OSC: platform does not support [SHPCHotplug]
[    3.766257] acpi PNP0A08:00: _OSC: OS now controls [PCIeHotplug PME PCIeCapability LTR]
[    3.766352] acpi PNP0A08:00: FADT indicates ASPM is unsupported, using BIOS configuration
[    3.766984] PCI host bridge to bus 0000:00
[    3.767051] pci_bus 0000:00: root bus resource [io  0x0000-0x03af window]
[    3.767128] pci_bus 0000:00: root bus resource [io  0x03e0-0x0cf7 window]
[    3.767204] pci_bus 0000:00: root bus resource [mem 0x000c0000-0x000c3fff window]
[    3.767296] pci_bus 0000:00: root bus resource [mem 0x000c4000-0x000c7fff window]
[    3.767388] pci_bus 0000:00: root bus resource [mem 0x000c8000-0x000cbfff window]
[    3.767479] pci_bus 0000:00: root bus resource [mem 0x000cc000-0x000cffff window]
[    3.767571] pci_bus 0000:00: root bus resource [mem 0x000d0000-0x000d3fff window]
[    3.767662] pci_bus 0000:00: root bus resource [mem 0x000d4000-0x000d7fff window]
[    3.767754] pci_bus 0000:00: root bus resource [mem 0x000d8000-0x000dbfff window]
[    3.767846] pci_bus 0000:00: root bus resource [mem 0x000dc000-0x000dffff window]
[    3.767937] pci_bus 0000:00: root bus resource [mem 0x000e0000-0x000e3fff window]
[    3.769466] pci_bus 0000:00: root bus resource [mem 0x000e4000-0x000e7fff window]
[    3.770521] pci_bus 0000:00: root bus resource [mem 0x000e8000-0x000ebfff window]
[    3.770613] pci_bus 0000:00: root bus resource [mem 0x000ec000-0x000effff window]
[    3.770704] pci_bus 0000:00: root bus resource [mem 0x000f0000-0x000fffff window]
[    3.770796] pci_bus 0000:00: root bus resource [io  0x0d00-0x3fff window]
[    3.770872] pci_bus 0000:00: root bus resource [mem 0xe1000000-0xfebfffff window]
[    3.770963] pci_bus 0000:00: root bus resource [mem 0x63dc0000000-0x7fcffffffff window]
[    3.771065] pci_bus 0000:00: root bus resource [bus 00-3f]
[    3.771149] pci 0000:00:00.0: [1022:1480] type 00 class 0x060000
[    3.771422] pci 0000:00:00.2: [1022:1481] type 00 class 0x080600
[    3.771788] pci 0000:00:01.0: [1022:1482] type 00 class 0x060000
[    3.773518] pci 0000:00:01.1: [1022:1483] type 01 class 0x060400
[    3.773753] pci 0000:00:01.1: PME# supported from D0 D3hot D3cold
[    3.774067] pci 0000:00:02.0: [1022:1482] type 00 class 0x060000
[    3.774374] pci 0000:00:03.0: [1022:1482] type 00 class 0x060000
[    3.774678] pci 0000:00:04.0: [1022:1482] type 00 class 0x060000
[    3.774984] pci 0000:00:05.0: [1022:1482] type 00 class 0x060000
[    3.775390] pci 0000:00:07.0: [1022:1482] type 00 class 0x060000
[    3.775626] pci 0000:00:07.1: [1022:1484] type 01 class 0x060400
[    3.775772] pci 0000:00:07.1: enabling Extended Tags
[    3.775923] pci 0000:00:07.1: PME# supported from D0 D3hot D3cold
[    3.777692] pci 0000:00:08.0: [1022:1482] type 00 class 0x060000
[    3.777932] pci 0000:00:08.1: [1022:1484] type 01 class 0x060400
[    3.778088] pci 0000:00:08.1: enabling Extended Tags
[    3.778241] pci 0000:00:08.1: PME# supported from D0 D3hot D3cold
[    3.779257] pci 0000:00:14.0: [1022:790b] type 00 class 0x0c0500
[    3.779568] pci 0000:00:14.3: [1022:790e] type 00 class 0x060100
[    3.781631] pci 0000:00:18.0: [1022:1490] type 00 class 0x060000
[    3.781843] pci 0000:00:18.1: [1022:1491] type 00 class 0x060000
[    3.782057] pci 0000:00:18.2: [1022:1492] type 00 class 0x060000
[    3.782265] pci 0000:00:18.3: [1022:1493] type 00 class 0x060000
[    3.782473] pci 0000:00:18.4: [1022:1494] type 00 class 0x060000
[    3.782683] pci 0000:00:18.5: [1022:1495] type 00 class 0x060000
[    3.782894] pci 0000:00:18.6: [1022:1496] type 00 class 0x060000
[    3.783107] pci 0000:00:18.7: [1022:1497] type 00 class 0x060000
[    3.785670] pci 0000:01:00.0: [15b3:1017] type 00 class 0x020000
[    3.786007] pci 0000:01:00.0: reg 0x10: [mem 0xe4000000-0xe5ffffff 64bit pref]
[    3.786486] pci 0000:01:00.0: reg 0x30: [mem 0xfff00000-0xffffffff pref]
[    3.787301] pci 0000:01:00.0: PME# supported from D3cold
[    3.789573] pci 0000:01:00.1: [15b3:1017] type 00 class 0x020000
[    3.789888] pci 0000:01:00.1: reg 0x10: [mem 0xe2000000-0xe3ffffff 64bit pref]
[    3.790359] pci 0000:01:00.1: reg 0x30: [mem 0xfff00000-0xffffffff pref]
[    3.791125] pci 0000:01:00.1: PME# supported from D3cold
[    3.795321] pci 0000:00:01.1: PCI bridge to [bus 01]
[    3.795407] pci 0000:00:01.1:   bridge window [mem 0xe2000000-0xe5ffffff 64bit pref]
[    3.795594] pci 0000:02:00.0: [1022:148a] type 00 class 0x130000
[    3.795770] pci 0000:02:00.0: enabling Extended Tags
[    3.797537] pci 0000:02:00.2: [1022:1498] type 00 class 0x108000
[    3.797659] pci 0000:02:00.2: reg 0x18: [mem 0xf7200000-0xf727ffff]
[    3.797767] pci 0000:02:00.2: reg 0x24: [mem 0xf7280000-0xf7281fff]
[    3.797861] pci 0000:02:00.2: enabling Extended Tags
[    3.801685] pci 0000:00:07.1: PCI bridge to [bus 02]
[    3.801765] pci 0000:00:07.1:   bridge window [mem 0xf7200000-0xf72fffff]
[    3.801967] pci 0000:03:00.0: [1022:1485] type 00 class 0x130000
[    3.802150] pci 0000:03:00.0: enabling Extended Tags
[    3.802476] pci 0000:03:00.2: [1022:1498] type 00 class 0x108000
[    3.802600] pci 0000:03:00.2: reg 0x18: [mem 0xf7100000-0xf717ffff]
[    3.802709] pci 0000:03:00.2: reg 0x24: [mem 0xf7180000-0xf7181fff]
[    3.802804] pci 0000:03:00.2: enabling Extended Tags
[    3.803119] pci 0000:03:00.3: [1022:148c] type 00 class 0x0c0330
[    3.803228] pci 0000:03:00.3: reg 0x10: [mem 0xf7000000-0xf70fffff 64bit]
[    3.803371] pci 0000:03:00.3: enabling Extended Tags
[    3.803569] pci 0000:03:00.3: PME# supported from D0 D3hot D3cold
[    3.807338] pci 0000:00:08.1: PCI bridge to [bus 03]
[    3.807418] pci 0000:00:08.1:   bridge window [mem 0xf7000000-0xf71fffff]
[    3.807919] xen: registering gsi 10 triggering 1 polarity 0
[    3.809837] ACPI: PCI Root Bridge [PC01] (domain 0000 [bus 40-7f])
[    3.809913] acpi PNP0A08:01: _OSC: OS supports [ExtendedConfig ASPM ClockPM Segments MSI HPX-Type3]
[    3.810159] acpi PNP0A08:01: PCIe AER handled by firmware
[    3.810373] acpi PNP0A08:01: _OSC: platform does not support [SHPCHotplug]
[    3.810734] acpi PNP0A08:01: _OSC: OS now controls [PCIeHotplug PME PCIeCapability LTR]
[    3.810829] acpi PNP0A08:01: FADT indicates ASPM is unsupported, using BIOS configuration
[    3.811449] PCI host bridge to bus 0000:40
[    3.811516] pci_bus 0000:40: root bus resource [io  0x4000-0x6fff window]
[    3.811592] pci_bus 0000:40: root bus resource [mem 0x90000000-0xaaffffff window]
[    3.811683] pci_bus 0000:40: root bus resource [mem 0x47e80000000-0x63dbfffffff window]
[    3.811777] pci_bus 0000:40: root bus resource [bus 40-7f]
[    3.811857] pci 0000:40:00.0: [1022:1480] type 00 class 0x060000
[    3.813590] pci 0000:40:00.2: [1022:1481] type 00 class 0x080600
[    3.813946] pci 0000:40:01.0: [1022:1482] type 00 class 0x060000
[    3.814241] pci 0000:40:02.0: [1022:1482] type 00 class 0x060000
[    3.814537] pci 0000:40:03.0: [1022:1482] type 00 class 0x060000
[    3.814767] pci 0000:40:03.1: [1022:1483] type 01 class 0x060400
[    3.815003] pci 0000:40:03.1: PME# supported from D0 D3hot D3cold
[    3.815352] pci 0000:40:04.0: [1022:1482] type 00 class 0x060000
[    3.815647] pci 0000:40:05.0: [1022:1482] type 00 class 0x060000
[    3.817494] pci 0000:40:07.0: [1022:1482] type 00 class 0x060000
[    3.817727] pci 0000:40:07.1: [1022:1484] type 01 class 0x060400
[    3.817875] pci 0000:40:07.1: enabling Extended Tags
[    3.818024] pci 0000:40:07.1: PME# supported from D0 D3hot D3cold
[    3.818318] pci 0000:40:08.0: [1022:1482] type 00 class 0x060000
[    3.818551] pci 0000:40:08.1: [1022:1484] type 01 class 0x060400
[    3.818697] pci 0000:40:08.1: enabling Extended Tags
[    3.818847] pci 0000:40:08.1: PME# supported from D0 D3hot D3cold
[    3.822252] pci 0000:41:00.0: [15b3:1017] type 00 class 0x020000
[    3.822610] pci 0000:41:00.0: reg 0x10: [mem 0x92000000-0x93ffffff 64bit pref]
[    3.823103] pci 0000:41:00.0: reg 0x30: [mem 0xfff00000-0xffffffff pref]
[    3.825480] pci 0000:41:00.0: PME# supported from D3cold
[    3.825967] pci 0000:41:00.0: reg 0x1a4: [mem 0x94400000-0x944fffff 64bit pref]
[    3.826059] pci 0000:41:00.0: VF(n) BAR0 space: [mem 0x94400000-0x947fffff 64bit pref] (contains BAR0 for 4 VFs)
[    3.827669] pci 0000:41:00.1: [15b3:1017] type 00 class 0x020000
[    3.829489] pci 0000:41:00.1: reg 0x10: [mem 0x90000000-0x91ffffff 64bit pref]
[    3.829976] pci 0000:41:00.1: reg 0x30: [mem 0xfff00000-0xffffffff pref]
[    3.830819] pci 0000:41:00.1: PME# supported from D3cold
[    3.831279] pci 0000:41:00.1: reg 0x1a4: [mem 0x94000000-0x940fffff 64bit pref]
[    3.831371] pci 0000:41:00.1: VF(n) BAR0 space: [mem 0x94000000-0x943fffff 64bit pref] (contains BAR0 for 4 VFs)
[    3.837883] pci 0000:40:03.1: PCI bridge to [bus 41-42]
[    3.837969] pci 0000:40:03.1:   bridge window [mem 0x90000000-0x947fffff 64bit pref]
[    3.838150] pci 0000:43:00.0: [1022:148a] type 00 class 0x130000
[    3.838325] pci 0000:43:00.0: enabling Extended Tags
[    3.838596] pci 0000:43:00.2: [1022:1498] type 00 class 0x108000
[    3.838716] pci 0000:43:00.2: reg 0x18: [mem 0xa4300000-0xa437ffff]
[    3.838823] pci 0000:43:00.2: reg 0x24: [mem 0xa4380000-0xa4381fff]
[    3.838917] pci 0000:43:00.2: enabling Extended Tags
[    3.842735] pci 0000:40:07.1: PCI bridge to [bus 43]
[    3.842814] pci 0000:40:07.1:   bridge window [mem 0xa4300000-0xa43fffff]
[    3.843014] pci 0000:44:00.0: [1022:1485] type 00 class 0x130000
[    3.843194] pci 0000:44:00.0: enabling Extended Tags
[    3.843485] pci 0000:44:00.1: [1022:1486] type 00 class 0x108000
[    3.843609] pci 0000:44:00.1: reg 0x18: [mem 0xa4100000-0xa41fffff]
[    3.843718] pci 0000:44:00.1: reg 0x24: [mem 0xa4282000-0xa4283fff]
[    3.843812] pci 0000:44:00.1: enabling Extended Tags
[    3.845609] pci 0000:44:00.2: [1022:1498] type 00 class 0x108000
[    3.845732] pci 0000:44:00.2: reg 0x18: [mem 0xa4200000-0xa427ffff]
[    3.845840] pci 0000:44:00.2: reg 0x24: [mem 0xa4280000-0xa4281fff]
[    3.845935] pci 0000:44:00.2: enabling Extended Tags
[    3.846241] pci 0000:44:00.3: [1022:148c] type 00 class 0x0c0330
[    3.846348] pci 0000:44:00.3: reg 0x10: [mem 0xa4000000-0xa40fffff 64bit]
[    3.846491] pci 0000:44:00.3: enabling Extended Tags
[    3.846667] pci 0000:44:00.3: PME# supported from D0 D3hot D3cold
[    3.850452] pci 0000:40:08.1: PCI bridge to [bus 44]
[    3.850544] pci 0000:40:08.1:   bridge window [mem 0xa4000000-0xa42fffff]
[    3.851065] ACPI: PCI Root Bridge [PC02] (domain 0000 [bus 80-bf])
[    3.851141] acpi PNP0A08:02: _OSC: OS supports [ExtendedConfig ASPM ClockPM Segments MSI HPX-Type3]
[    3.851379] acpi PNP0A08:02: PCIe AER handled by firmware
[    3.851584] acpi PNP0A08:02: _OSC: platform does not support [SHPCHotplug]
[    3.851926] acpi PNP0A08:02: _OSC: OS now controls [PCIeHotplug PME PCIeCapability LTR]
[    3.853463] acpi PNP0A08:02: FADT indicates ASPM is unsupported, using BIOS configuration
[    3.854052] PCI host bridge to bus 0000:80
[    3.854119] pci_bus 0000:80: root bus resource [io  0x7000-0x9fff window]
[    3.854195] pci_bus 0000:80: root bus resource [mem 0xab000000-0xc5ffffff window]
[    3.854287] pci_bus 0000:80: root bus resource [mem 0x2bf40000000-0x47e7fffffff window]
[    3.854380] pci_bus 0000:80: root bus resource [bus 80-bf]
[    3.854460] pci 0000:80:00.0: [1022:1480] type 00 class 0x060000
[    3.854703] pci 0000:80:00.2: [1022:1481] type 00 class 0x080600
[    3.855066] pci 0000:80:01.0: [1022:1482] type 00 class 0x060000
[    3.855363] pci 0000:80:02.0: [1022:1482] type 00 class 0x060000
[    3.855658] pci 0000:80:03.0: [1022:1482] type 00 class 0x060000
[    3.855955] pci 0000:80:04.0: [1022:1482] type 00 class 0x060000
[    3.857686] pci 0000:80:05.0: [1022:1482] type 00 class 0x060000
[    3.858049] pci 0000:80:07.0: [1022:1482] type 00 class 0x060000
[    3.858280] pci 0000:80:07.1: [1022:1484] type 01 class 0x060400
[    3.858425] pci 0000:80:07.1: enabling Extended Tags
[    3.858575] pci 0000:80:07.1: PME# supported from D0 D3hot D3cold
[    3.858866] pci 0000:80:08.0: [1022:1482] type 00 class 0x060000
[    3.859115] pci 0000:80:08.1: [1022:1484] type 01 class 0x060400
[    3.859263] pci 0000:80:08.1: enabling Extended Tags
[    3.861546] pci 0000:80:08.1: PME# supported from D0 D3hot D3cold
[    3.861779] pci 0000:80:08.2: [1022:1484] type 01 class 0x060400
[    3.861926] pci 0000:80:08.2: enabling Extended Tags
[    3.862077] pci 0000:80:08.2: PME# supported from D0 D3hot D3cold
[    3.863913] pci 0000:81:00.0: [1022:148a] type 00 class 0x130000
[    3.865566] pci 0000:81:00.0: enabling Extended Tags
[    3.865840] pci 0000:81:00.2: [1022:1498] type 00 class 0x108000
[    3.865962] pci 0000:81:00.2: reg 0x18: [mem 0xbf200000-0xbf27ffff]
[    3.866069] pci 0000:81:00.2: reg 0x24: [mem 0xbf280000-0xbf281fff]
[    3.866164] pci 0000:81:00.2: enabling Extended Tags
[    3.869979] pci 0000:80:07.1: PCI bridge to [bus 81]
[    3.870059] pci 0000:80:07.1:   bridge window [mem 0xbf200000-0xbf2fffff]
[    3.870257] pci 0000:82:00.0: [1022:1485] type 00 class 0x130000
[    3.870437] pci 0000:82:00.0: enabling Extended Tags
[    3.870731] pci 0000:82:00.2: [1022:1498] type 00 class 0x108000
[    3.870856] pci 0000:82:00.2: reg 0x18: [mem 0xbf100000-0xbf17ffff]
[    3.870965] pci 0000:82:00.2: reg 0x24: [mem 0xbf180000-0xbf181fff]
[    3.871060] pci 0000:82:00.2: enabling Extended Tags
[    3.874897] pci 0000:80:08.1: PCI bridge to [bus 82]
[    3.874977] pci 0000:80:08.1:   bridge window [mem 0xbf100000-0xbf1fffff]
[    3.875174] pci 0000:83:00.0: [1022:7901] type 00 class 0x010601
[    3.875334] pci 0000:83:00.0: reg 0x24: [mem 0xbf000000-0xbf0007ff]
[    3.875429] pci 0000:83:00.0: enabling Extended Tags
[    3.875591] pci 0000:83:00.0: PME# supported from D3hot D3cold
[    3.879337] pci 0000:80:08.2: PCI bridge to [bus 83]
[    3.879416] pci 0000:80:08.2:   bridge window [mem 0xbf000000-0xbf0fffff]
[    3.879934] ACPI: PCI Root Bridge [PC03] (domain 0000 [bus c0-ff])
[    3.881465] acpi PNP0A08:03: _OSC: OS supports [ExtendedConfig ASPM ClockPM Segments MSI HPX-Type3]
[    3.881703] acpi PNP0A08:03: PCIe AER handled by firmware
[    3.881910] acpi PNP0A08:03: _OSC: platform does not support [SHPCHotplug]
[    3.882258] acpi PNP0A08:03: _OSC: OS now controls [PCIeHotplug PME PCIeCapability LTR]
[    3.882352] acpi PNP0A08:03: FADT indicates ASPM is unsupported, using BIOS configuration
[    3.882970] PCI host bridge to bus 0000:c0
[    3.883037] pci_bus 0000:c0: root bus resource [io  0x03b0-0x03df window]
[    3.883113] pci_bus 0000:c0: root bus resource [mem 0x000a0000-0x000bffff window]
[    3.883204] pci_bus 0000:c0: root bus resource [io  0xa000-0xffff window]
[    3.883280] pci_bus 0000:c0: root bus resource [mem 0xc6000000-0xe0ffffff window]
[    3.883371] pci_bus 0000:c0: root bus resource [mem 0x10000000000-0x2bf3fffffff window]
[    3.883465] pci_bus 0000:c0: root bus resource [bus c0-ff]
[    3.883545] pci 0000:c0:00.0: [1022:1480] type 00 class 0x060000
[    3.883796] pci 0000:c0:00.2: [1022:1481] type 00 class 0x080600
[    3.885642] pci 0000:c0:01.0: [1022:1482] type 00 class 0x060000
[    3.885940] pci 0000:c0:02.0: [1022:1482] type 00 class 0x060000
[    3.886241] pci 0000:c0:03.0: [1022:1482] type 00 class 0x060000
[    3.886474] pci 0000:c0:03.1: [1022:1483] type 01 class 0x060400
[    3.886733] pci 0000:c0:03.1: PME# supported from D0 D3hot D3cold
[    3.887193] pci 0000:c0:03.2: [1022:1483] type 01 class 0x060400
[    3.887453] pci 0000:c0:03.2: PME# supported from D0 D3hot D3cold
[    3.887888] pci 0000:c0:04.0: [1022:1482] type 00 class 0x060000
[    3.889677] pci 0000:c0:05.0: [1022:1482] type 00 class 0x060000
[    3.889913] pci 0000:c0:05.2: [1022:1483] type 01 class 0x060400
[    3.890137] pci 0000:c0:05.2: PME# supported from D0 D3hot D3cold
[    3.890498] pci 0000:c0:07.0: [1022:1482] type 00 class 0x060000
[    3.890734] pci 0000:c0:07.1: [1022:1484] type 01 class 0x060400
[    3.890879] pci 0000:c0:07.1: enabling Extended Tags
[    3.891027] pci 0000:c0:07.1: PME# supported from D0 D3hot D3cold
[    3.891323] pci 0000:c0:08.0: [1022:1482] type 00 class 0x060000
[    3.891556] pci 0000:c0:08.1: [1022:1484] type 01 class 0x060400
[    3.891701] pci 0000:c0:08.1: enabling Extended Tags
[    3.891851] pci 0000:c0:08.1: PME# supported from D0 D3hot D3cold
[    3.898655] pci 0000:c0:03.1: PCI bridge to [bus c3]
[    3.898735] pci 0000:c0:03.1:   bridge window [mem 0xdae00000-0xdb1fffff]
[    3.902372] pci 0000:c0:03.2: PCI bridge to [bus c4]
[    3.902452] pci 0000:c0:03.2:   bridge window [mem 0xdaa00000-0xdadfffff]
[    3.902616] pci 0000:c1:00.0: [1556:be00] type 01 class 0x060400
[    3.906492] pci 0000:c0:05.2: PCI bridge to [bus c1-c2]
[    3.906574] pci 0000:c0:05.2:   bridge window [mem 0xda000000-0xda8fffff]
[    3.906655] pci 0000:c0:05.2:   bridge window [mem 0xc6000000-0xc6ffffff 64bit pref]
[    3.906797] pci_bus 0000:c2: extended config space not accessible
[    3.906897] pci 0000:c2:00.0: [102b:0536] type 00 class 0x030000
[    3.906999] pci 0000:c2:00.0: reg 0x10: [mem 0xc6000000-0xc6ffffff pref]
[    3.907089] pci 0000:c2:00.0: reg 0x14: [mem 0xda808000-0xda80bfff]
[    3.907178] pci 0000:c2:00.0: reg 0x18: [mem 0xda000000-0xda7fffff]
[    3.910970] pci 0000:c1:00.0: PCI bridge to [bus c2]
[    3.911052] pci 0000:c1:00.0:   bridge window [mem 0xda000000-0xda8fffff]
[    3.911135] pci 0000:c1:00.0:   bridge window [mem 0xc6000000-0xc6ffffff 64bit pref]
[    3.911328] pci 0000:c5:00.0: [1022:148a] type 00 class 0x130000
[    3.911506] pci 0000:c5:00.0: enabling Extended Tags
[    3.911778] pci 0000:c5:00.2: [1022:1498] type 00 class 0x108000
[    3.911899] pci 0000:c5:00.2: reg 0x18: [mem 0xdb300000-0xdb37ffff]
[    3.913494] pci 0000:c5:00.2: reg 0x24: [mem 0xdb380000-0xdb381fff]
[    3.913588] pci 0000:c5:00.2: enabling Extended Tags
[    3.915928] pci 0000:c0:07.1: PCI bridge to [bus c5]
[    3.917472] pci 0000:c0:07.1:   bridge window [mem 0xdb300000-0xdb3fffff]
[    3.917672] pci 0000:c6:00.0: [1022:1485] type 00 class 0x130000
[    3.917851] pci 0000:c6:00.0: enabling Extended Tags
[    3.918169] pci 0000:c6:00.2: [1022:1498] type 00 class 0x108000
[    3.918292] pci 0000:c6:00.2: reg 0x18: [mem 0xdb200000-0xdb27ffff]
[    3.918400] pci 0000:c6:00.2: reg 0x24: [mem 0xdb280000-0xdb281fff]
[    3.918495] pci 0000:c6:00.2: enabling Extended Tags
[    3.922331] pci 0000:c0:08.1: PCI bridge to [bus c6]
[    3.922410] pci 0000:c0:08.1:   bridge window [mem 0xdb200000-0xdb2fffff]
[    3.979801] xen:balloon: Initialising balloon driver
[    4.418786] iommu: Default domain type: Translated 
[    4.418786] SCSI subsystem initialized
[    4.418786] libata version 3.00 loaded.
[    4.418786] pci 0000:c2:00.0: vgaarb: setting as boot VGA device
[    4.418786] pci 0000:c2:00.0: vgaarb: VGA device added: decodes=io+mem,owns=io+mem,locks=none
[    4.418786] pci 0000:c2:00.0: vgaarb: bridge control possible
[    4.418786] vgaarb: loaded
[    4.418786] ACPI: bus type USB registered
[    4.418786] usbcore: registered new interface driver usbfs
[    4.418786] usbcore: registered new interface driver hub
[    4.418786] usbcore: registered new device driver usb
[    4.418786] pps_core: LinuxPPS API ver. 1 registered
[    4.418786] pps_core: Software ver. 5.3.6 - Copyright 2005-2007 Rodolfo Giometti <giometti@linux.it>
[    4.418786] PTP clock support registered
[    4.421474] EDAC MC: Ver: 3.0.0
[    4.421649] PCI: Using ACPI for IRQ routing
[    4.463578] PCI: pci_cache_line_size set to 64 bytes
[    4.463930] Expanded resource Reserved due to conflict with PCI Bus 0000:00
[    4.465462] Expanded resource Reserved due to conflict with PCI Bus 0000:c0
[    4.465565] e820: reserve RAM buffer [mem 0x00099000-0x0009ffff]
[    4.465567] e820: reserve RAM buffer [mem 0x67acf000-0x67ffffff]
[    4.465567] e820: reserve RAM buffer [mem 0x6f000000-0x6fffffff]
[    4.465694] NetLabel: Initializing
[    4.465760] NetLabel:  domain hash size = 128
[    4.465826] NetLabel:  protocols = UNLABELED CIPSOv4 CALIPSO
[    4.465907] NetLabel:  unlabeled traffic allowed by default
[    4.465990] clocksource: Switched to clocksource tsc-early
[    4.475097] *** VALIDATE bpf ***
[    4.475205] VFS: Disk quotas dquot_6.6.0
[    4.475284] VFS: Dquot-cache hash table entries: 512 (order 0, 4096 bytes)
[    4.475376] *** VALIDATE ramfs ***
[    4.475439] hugetlbfs: disabling because there are no supported hugepage sizes
[    4.475585] AppArmor: AppArmor Filesystem Enabled
[    4.475741] pnp: PnP ACPI init
[    4.476035] system 00:00: [mem 0x80000000-0x8fffffff] has been reserved
[    4.476114] system 00:00: Plug and Play ACPI device, IDs PNP0c01 (active)
[    4.476152] system 00:01: [mem 0xff000000-0xffffffff] has been reserved
[    4.476229] system 00:01: Plug and Play ACPI device, IDs PNP0c02 (active)
[    4.476316] pnp 00:02: Plug and Play ACPI device, IDs PNP0b00 (active)
[    4.476575] xen: registering gsi 3 triggering 1 polarity 0
[    4.476644] pnp 00:03: Plug and Play ACPI device, IDs PNP0501 (active)
[    4.476911] xen: registering gsi 4 triggering 1 polarity 0
[    4.476912] Already setup the GSI :4
[    4.477014] pnp 00:04: Plug and Play ACPI device, IDs PNP0501 (active)
[    4.477466] pnp: PnP ACPI: found 5 devices
[    4.479175] thermal_sys: Registered thermal governor 'fair_share'
[    4.479176] thermal_sys: Registered thermal governor 'bang_bang'
[    4.479251] thermal_sys: Registered thermal governor 'step_wise'
[    4.479323] thermal_sys: Registered thermal governor 'user_space'
[    4.479396] thermal_sys: Registered thermal governor 'power_allocator'
[    4.483903] PM-Timer failed consistency check  (0xffffff) - aborting.
[    4.484095] pci 0000:01:00.0: can't claim BAR 6 [mem 0xfff00000-0xffffffff pref]: no compatible bridge window
[    4.484197] pci 0000:01:00.1: can't claim BAR 6 [mem 0xfff00000-0xffffffff pref]: no compatible bridge window
[    4.484298] pci 0000:41:00.0: can't claim BAR 6 [mem 0xfff00000-0xffffffff pref]: no compatible bridge window
[    4.484399] pci 0000:41:00.1: can't claim BAR 6 [mem 0xfff00000-0xffffffff pref]: no compatible bridge window
[    4.484509] pci 0000:00:01.1: BAR 14: assigned [mem 0xe1000000-0xe11fffff]
[    4.484586] pci 0000:01:00.0: BAR 6: assigned [mem 0xe1000000-0xe10fffff pref]
[    4.484677] pci 0000:01:00.1: BAR 6: assigned [mem 0xe1100000-0xe11fffff pref]
[    4.484771] pci 0000:00:01.1: PCI bridge to [bus 01]
[    4.484854] pci 0000:00:01.1:   bridge window [mem 0xe1000000-0xe11fffff]
[    4.484936] pci 0000:00:01.1:   bridge window [mem 0xe2000000-0xe5ffffff 64bit pref]
[    4.485035] pci 0000:00:07.1: PCI bridge to [bus 02]
[    4.485108] pci 0000:00:07.1:   bridge window [mem 0xf7200000-0xf72fffff]
[    4.485193] pci 0000:00:08.1: PCI bridge to [bus 03]
[    4.485266] pci 0000:00:08.1:   bridge window [mem 0xf7000000-0xf71fffff]
[    4.485352] pci_bus 0000:00: resource 4 [io  0x0000-0x03af window]
[    4.485425] pci_bus 0000:00: resource 5 [io  0x03e0-0x0cf7 window]
[    4.485498] pci_bus 0000:00: resource 6 [mem 0x000c0000-0x000c3fff window]
[    4.485574] pci_bus 0000:00: resource 7 [mem 0x000c4000-0x000c7fff window]
[    4.485650] pci_bus 0000:00: resource 8 [mem 0x000c8000-0x000cbfff window]
[    4.485725] pci_bus 0000:00: resource 9 [mem 0x000cc000-0x000cffff window]
[    4.485805] pci_bus 0000:00: resource 10 [mem 0x000d0000-0x000d3fff window]
[    4.485886] pci_bus 0000:00: resource 11 [mem 0x000d4000-0x000d7fff window]
[    4.485966] pci_bus 0000:00: resource 12 [mem 0x000d8000-0x000dbfff window]
[    4.486044] pci_bus 0000:00: resource 13 [mem 0x000dc000-0x000dffff window]
[    4.486120] pci_bus 0000:00: resource 14 [mem 0x000e0000-0x000e3fff window]
[    4.486196] pci_bus 0000:00: resource 15 [mem 0x000e4000-0x000e7fff window]
[    4.486272] pci_bus 0000:00: resource 16 [mem 0x000e8000-0x000ebfff window]
[    4.486348] pci_bus 0000:00: resource 17 [mem 0x000ec000-0x000effff window]
[    4.486424] pci_bus 0000:00: resource 18 [mem 0x000f0000-0x000fffff window]
[    4.486499] pci_bus 0000:00: resource 19 [io  0x0d00-0x3fff window]
[    4.487540] pci_bus 0000:00: resource 20 [mem 0xe1000000-0xfebfffff window]
[    4.487616] pci_bus 0000:00: resource 21 [mem 0x63dc0000000-0x7fcffffffff window]
[    4.487708] pci_bus 0000:01: resource 1 [mem 0xe1000000-0xe11fffff]
[    4.487782] pci_bus 0000:01: resource 2 [mem 0xe2000000-0xe5ffffff 64bit pref]
[    4.487875] pci_bus 0000:02: resource 1 [mem 0xf7200000-0xf72fffff]
[    4.487948] pci_bus 0000:03: resource 1 [mem 0xf7000000-0xf71fffff]
[    4.488067] pci 0000:40:03.1: BAR 14: assigned [mem 0x94800000-0x949fffff]
[    4.488144] pci 0000:41:00.0: BAR 6: assigned [mem 0x94800000-0x948fffff pref]
[    4.488236] pci 0000:41:00.1: BAR 6: assigned [mem 0x94900000-0x949fffff pref]
[    4.488327] pci 0000:40:03.1: PCI bridge to [bus 41-42]
[    4.488401] pci 0000:40:03.1:   bridge window [mem 0x94800000-0x949fffff]
[    4.488480] pci 0000:40:03.1:   bridge window [mem 0x90000000-0x947fffff 64bit pref]
[    4.488579] pci 0000:40:07.1: PCI bridge to [bus 43]
[    4.488652] pci 0000:40:07.1:   bridge window [mem 0xa4300000-0xa43fffff]
[    4.488737] pci 0000:40:08.1: PCI bridge to [bus 44]
[    4.488810] pci 0000:40:08.1:   bridge window [mem 0xa4000000-0xa42fffff]
[    4.488899] pci_bus 0000:40: resource 4 [io  0x4000-0x6fff window]
[    4.488972] pci_bus 0000:40: resource 5 [mem 0x90000000-0xaaffffff window]
[    4.489048] pci_bus 0000:40: resource 6 [mem 0x47e80000000-0x63dbfffffff window]
[    4.489139] pci_bus 0000:41: resource 1 [mem 0x94800000-0x949fffff]
[    4.489213] pci_bus 0000:41: resource 2 [mem 0x90000000-0x947fffff 64bit pref]
[    4.489303] pci_bus 0000:43: resource 1 [mem 0xa4300000-0xa43fffff]
[    4.489377] pci_bus 0000:44: resource 1 [mem 0xa4000000-0xa42fffff]
[    4.489476] pci 0000:80:07.1: PCI bridge to [bus 81]
[    4.489549] pci 0000:80:07.1:   bridge window [mem 0xbf200000-0xbf2fffff]
[    4.489634] pci 0000:80:08.1: PCI bridge to [bus 82]
[    4.489707] pci 0000:80:08.1:   bridge window [mem 0xbf100000-0xbf1fffff]
[    4.489796] pci 0000:80:08.2: PCI bridge to [bus 83]
[    4.489876] pci 0000:80:08.2:   bridge window [mem 0xbf000000-0xbf0fffff]
[    4.489967] pci_bus 0000:80: resource 4 [io  0x7000-0x9fff window]
[    4.490042] pci_bus 0000:80: resource 5 [mem 0xab000000-0xc5ffffff window]
[    4.490118] pci_bus 0000:80: resource 6 [mem 0x2bf40000000-0x47e7fffffff window]
[    4.490209] pci_bus 0000:81: resource 1 [mem 0xbf200000-0xbf2fffff]
[    4.490286] pci_bus 0000:82: resource 1 [mem 0xbf100000-0xbf1fffff]
[    4.490359] pci_bus 0000:83: resource 1 [mem 0xbf000000-0xbf0fffff]
[    4.490454] pci 0000:c0:03.1: bridge window [io  0x1000-0x0fff] to [bus c3] add_size 1000
[    4.490549] pci 0000:c0:03.1: bridge window [mem 0x00100000-0x000fffff 64bit pref] to [bus c3] add_size 200000 add_align 100000
[    4.490655] pci 0000:c0:03.2: bridge window [io  0x1000-0x0fff] to [bus c4] add_size 1000
[    4.490752] pci 0000:c0:03.2: bridge window [mem 0x00100000-0x000fffff 64bit pref] to [bus c4] add_size 200000 add_align 100000
[    4.490871] pci 0000:c0:03.1: BAR 15: assigned [mem 0x10020200000-0x100203fffff 64bit pref]
[    4.490969] pci 0000:c0:03.2: BAR 15: assigned [mem 0x10020400000-0x100205fffff 64bit pref]
[    4.491064] pci 0000:c0:03.1: BAR 13: assigned [io  0xa000-0xafff]
[    4.491138] pci 0000:c0:03.2: BAR 13: assigned [io  0xb000-0xbfff]
[    4.491212] pci 0000:c0:03.1: PCI bridge to [bus c3]
[    4.491282] pci 0000:c0:03.1:   bridge window [io  0xa000-0xafff]
[    4.491360] pci 0000:c0:03.1:   bridge window [mem 0xdae00000-0xdb1fffff]
[    4.491438] pci 0000:c0:03.1:   bridge window [mem 0x10020200000-0x100203fffff 64bit pref]
[    4.491539] pci 0000:c0:03.2: PCI bridge to [bus c4]
[    4.491609] pci 0000:c0:03.2:   bridge window [io  0xb000-0xbfff]
[    4.491686] pci 0000:c0:03.2:   bridge window [mem 0xdaa00000-0xdadfffff]
[    4.491765] pci 0000:c0:03.2:   bridge window [mem 0x10020400000-0x100205fffff 64bit pref]
[    4.491876] pci 0000:c1:00.0: PCI bridge to [bus c2]
[    4.491955] pci 0000:c1:00.0:   bridge window [mem 0xda000000-0xda8fffff]
[    4.492044] pci 0000:c1:00.0:   bridge window [mem 0xc6000000-0xc6ffffff 64bit pref]
[    4.492144] pci 0000:c0:05.2: PCI bridge to [bus c1-c2]
[    4.492219] pci 0000:c0:05.2:   bridge window [mem 0xda000000-0xda8fffff]
[    4.492298] pci 0000:c0:05.2:   bridge window [mem 0xc6000000-0xc6ffffff 64bit pref]
[    4.492416] pci 0000:c0:07.1: PCI bridge to [bus c5]
[    4.492489] pci 0000:c0:07.1:   bridge window [mem 0xdb300000-0xdb3fffff]
[    4.492574] pci 0000:c0:08.1: PCI bridge to [bus c6]
[    4.492647] pci 0000:c0:08.1:   bridge window [mem 0xdb200000-0xdb2fffff]
[    4.492734] pci_bus 0000:c0: resource 4 [io  0x03b0-0x03df window]
[    4.492812] pci_bus 0000:c0: resource 5 [mem 0x000a0000-0x000bffff window]
[    4.492893] pci_bus 0000:c0: resource 6 [io  0xa000-0xffff window]
[    4.492967] pci_bus 0000:c0: resource 7 [mem 0xc6000000-0xe0ffffff window]
[    4.493042] pci_bus 0000:c0: resource 8 [mem 0x10000000000-0x2bf3fffffff window]
[    4.493134] pci_bus 0000:c3: resource 0 [io  0xa000-0xafff]
[    4.493204] pci_bus 0000:c3: resource 1 [mem 0xdae00000-0xdb1fffff]
[    4.493277] pci_bus 0000:c3: resource 2 [mem 0x10020200000-0x100203fffff 64bit pref]
[    4.493370] pci_bus 0000:c4: resource 0 [io  0xb000-0xbfff]
[    4.493440] pci_bus 0000:c4: resource 1 [mem 0xdaa00000-0xdadfffff]
[    4.493514] pci_bus 0000:c4: resource 2 [mem 0x10020400000-0x100205fffff 64bit pref]
[    4.493606] pci_bus 0000:c1: resource 1 [mem 0xda000000-0xda8fffff]
[    4.493679] pci_bus 0000:c1: resource 2 [mem 0xc6000000-0xc6ffffff 64bit pref]
[    4.493795] pci_bus 0000:c2: resource 1 [mem 0xda000000-0xda8fffff]
[    4.493872] pci_bus 0000:c2: resource 2 [mem 0xc6000000-0xc6ffffff 64bit pref]
[    4.493962] pci_bus 0000:c5: resource 1 [mem 0xdb300000-0xdb3fffff]
[    4.494036] pci_bus 0000:c6: resource 1 [mem 0xdb200000-0xdb2fffff]
[    4.494163] NET: Registered protocol family 2
[    4.494386] IP idents hash table entries: 262144 (order: 9, 2097152 bytes, linear)
[    4.496326] tcp_listen_portaddr_hash hash table entries: 32768 (order: 7, 524288 bytes, linear)
[    4.496862] TCP established hash table entries: 524288 (order: 10, 4194304 bytes, linear)
[    4.497344] TCP bind hash table entries: 65536 (order: 8, 1048576 bytes, linear)
[    4.497487] TCP: Hash tables configured (established 524288 bind 65536)
[    4.497666] UDP hash table entries: 32768 (order: 8, 1048576 bytes, linear)
[    4.497901] UDP-Lite hash table entries: 32768 (order: 8, 1048576 bytes, linear)
[    4.498120] NET: Registered protocol family 1
[    4.498190] NET: Registered protocol family 44
[    4.498390] xen: registering gsi 40 triggering 0 polarity 1
[    4.498428] xen: --> pirq=40 -> irq=40 (gsi=40)
[    4.498464] xen: registering gsi 39 triggering 0 polarity 1
[    4.498472] xen: --> pirq=39 -> irq=39 (gsi=39)
[    4.583090] pci 0000:03:00.3: quirk_usb_early_handoff+0x0/0x670 took 82764 usecs
[    4.583279] xen: registering gsi 72 triggering 0 polarity 1
[    4.583293] xen: --> pirq=72 -> irq=72 (gsi=72)
[    4.583327] xen: registering gsi 71 triggering 0 polarity 1
[    4.583337] xen: --> pirq=71 -> irq=71 (gsi=71)
[    4.583705] pci 0000:c2:00.0: Video device with shadowed ROM at [mem 0x000c0000-0x000dffff]
[    4.583812] PCI: CLS 64 bytes, default 64
[    4.583915] Trying to unpack rootfs image as initramfs...
[    4.668647] Freeing initrd memory: 47468K
[    4.668956] check: Scanning for low memory corruption every 60 seconds
[    4.669740] Initialise system trusted keyrings
[    4.669819] Key type blacklist registered
[    4.669947] workingset: timestamp_bits=36 max_order=20 bucket_order=0
[    4.670911] zbud: loaded
[    4.671264] squashfs: version 4.0 (2009/01/31) Phillip Lougher
[    4.671492] fuse: init (API version 7.31)
[    4.671569] *** VALIDATE fuse ***
[    4.671642] *** VALIDATE fuse ***
[    4.671792] Platform Keyring initialized
[    4.673018] Key type asymmetric registered
[    4.673085] Asymmetric key parser 'x509' registered
[    4.673163] Block layer SCSI generic (bsg) driver version 0.4 loaded (major 244)
[    4.673316] io scheduler mq-deadline registered
[    4.674427] pcieport 0000:00:01.1: PME: Signaling with IRQ 346
[    4.674671] xen: registering gsi 38 triggering 0 polarity 1
[    4.674698] xen: --> pirq=38 -> irq=38 (gsi=38)
[    4.674786] pcieport 0000:00:07.1: PME: Signaling with IRQ 347
[    4.675019] pcieport 0000:00:08.1: PME: Signaling with IRQ 348
[    4.675254] pcieport 0000:40:03.1: PME: Signaling with IRQ 349
[    4.675448] xen: registering gsi 70 triggering 0 polarity 1
[    4.675458] xen: --> pirq=70 -> irq=70 (gsi=70)
[    4.675540] pcieport 0000:40:07.1: PME: Signaling with IRQ 350
[    4.675768] pcieport 0000:40:08.1: PME: Signaling with IRQ 351
[    4.675965] xen: registering gsi 102 triggering 0 polarity 1
[    4.676018] xen: --> pirq=102 -> irq=102 (gsi=102)
[    4.676107] pcieport 0000:80:07.1: PME: Signaling with IRQ 352
[    4.676295] xen: registering gsi 104 triggering 0 polarity 1
[    4.676304] xen: --> pirq=104 -> irq=104 (gsi=104)
[    4.676390] pcieport 0000:80:08.1: PME: Signaling with IRQ 353
[    4.676577] xen: registering gsi 104 triggering 0 polarity 1
[    4.676580] Already setup the GSI :104
[    4.676722] pcieport 0000:80:08.2: PME: Signaling with IRQ 354
[    4.676983] pcieport 0000:c0:03.1: PME: Signaling with IRQ 355
[    4.677105] pcieport 0000:c0:03.1: pciehp: Slot #160 AttnBtn- PwrCtrl- MRL- AttnInd- PwrInd- HotPlug+ Surprise+ Interlock+ NoCompl+ LLActRep+
[    4.677581] pcieport 0000:c0:03.2: PME: Signaling with IRQ 356
[    4.677704] pcieport 0000:c0:03.2: pciehp: Slot #161 AttnBtn- PwrCtrl- MRL- AttnInd- PwrInd- HotPlug+ Surprise+ Interlock+ NoCompl+ LLActRep+
[    4.678103] pcieport 0000:c0:05.2: PME: Signaling with IRQ 357
[    4.678301] xen: registering gsi 134 triggering 0 polarity 1
[    4.678311] xen: --> pirq=134 -> irq=134 (gsi=134)
[    4.678392] pcieport 0000:c0:07.1: PME: Signaling with IRQ 358
[    4.678575] xen: registering gsi 136 triggering 0 polarity 1
[    4.678584] xen: --> pirq=136 -> irq=136 (gsi=136)
[    4.678665] pcieport 0000:c0:08.1: PME: Signaling with IRQ 359
[    4.678844] shpchp: Standard Hot Plug PCI Controller Driver version: 0.4
[    4.679248] input: Power Button as /devices/LNXSYSTM:00/LNXSYBUS:00/PNP0C0C:00/input/input0
[    4.679361] ACPI: Power Button [PWRB]
[    4.679481] input: Power Button as /devices/LNXSYSTM:00/LNXPWRBN:00/input/input1
[    4.679601] ACPI: Power Button [PWRF]
[    4.679726] [Firmware Bug]: ACPI MWAIT C-state 0x0 not supported by HW (0x0)
[    4.679863] [Firmware Bug]: ACPI MWAIT C-state 0x0 not supported by HW (0x0)
[    4.680036] [Firmware Bug]: ACPI MWAIT C-state 0x0 not supported by HW (0x0)
[    4.680150] [Firmware Bug]: ACPI MWAIT C-state 0x0 not supported by HW (0x0)
[    4.680267] [Firmware Bug]: ACPI MWAIT C-state 0x0 not supported by HW (0x0)
[    4.680414] [Firmware Bug]: ACPI MWAIT C-state 0x0 not supported by HW (0x0)
[    4.680546] [Firmware Bug]: ACPI MWAIT C-state 0x0 not supported by HW (0x0)
[    4.680675] [Firmware Bug]: ACPI MWAIT C-state 0x0 not supported by HW (0x0)
[    4.680802] [Firmware Bug]: ACPI MWAIT C-state 0x0 not supported by HW (0x0)
[    4.680935] [Firmware Bug]: ACPI MWAIT C-state 0x0 not supported by HW (0x0)
[    4.681064] [Firmware Bug]: ACPI MWAIT C-state 0x0 not supported by HW (0x0)
[    4.681196] [Firmware Bug]: ACPI MWAIT C-state 0x0 not supported by HW (0x0)
[    4.681325] [Firmware Bug]: ACPI MWAIT C-state 0x0 not supported by HW (0x0)
[    4.681457] [Firmware Bug]: ACPI MWAIT C-state 0x0 not supported by HW (0x0)
[    4.681588] [Firmware Bug]: ACPI MWAIT C-state 0x0 not supported by HW (0x0)
[    4.681717] [Firmware Bug]: ACPI MWAIT C-state 0x0 not supported by HW (0x0)
[    4.682817] [Firmware Bug]: ACPI MWAIT C-state 0x0 not supported by HW (0x0)
[    4.682955] [Firmware Bug]: ACPI MWAIT C-state 0x0 not supported by HW (0x0)
[    4.683089] [Firmware Bug]: ACPI MWAIT C-state 0x0 not supported by HW (0x0)
[    4.683246] [Firmware Bug]: ACPI MWAIT C-state 0x0 not supported by HW (0x0)
[    4.683405] [Firmware Bug]: ACPI MWAIT C-state 0x0 not supported by HW (0x0)
[    4.683569] [Firmware Bug]: ACPI MWAIT C-state 0x0 not supported by HW (0x0)
[    4.683723] [Firmware Bug]: ACPI MWAIT C-state 0x0 not supported by HW (0x0)
[    4.683859] [Firmware Bug]: ACPI MWAIT C-state 0x0 not supported by HW (0x0)
[    4.684004] [Firmware Bug]: ACPI MWAIT C-state 0x0 not supported by HW (0x0)
[    4.684145] [Firmware Bug]: ACPI MWAIT C-state 0x0 not supported by HW (0x0)
[    4.684281] [Firmware Bug]: ACPI MWAIT C-state 0x0 not supported by HW (0x0)
[    4.684418] [Firmware Bug]: ACPI MWAIT C-state 0x0 not supported by HW (0x0)
[    4.684554] [Firmware Bug]: ACPI MWAIT C-state 0x0 not supported by HW (0x0)
[    4.684693] [Firmware Bug]: ACPI MWAIT C-state 0x0 not supported by HW (0x0)
[    4.684826] [Firmware Bug]: ACPI MWAIT C-state 0x0 not supported by HW (0x0)
[    4.684963] [Firmware Bug]: ACPI MWAIT C-state 0x0 not supported by HW (0x0)
[    4.685739] GHES: APEI firmware first mode is enabled by APEI bit and WHEA _OSC.
[    4.686117] xen_mcelog: /dev/mcelog registered by Xen
[    4.686518] Serial: 8250/16550 driver, 32 ports, IRQ sharing enabled
[    4.707453] 00:03: ttyS1 at I/O 0x2f8 (irq = 3, base_baud = 115200) is a 16550A
[    4.709067] hpet_acpi_add: no address or irqs in _CRS
[    4.709255] Linux agpgart interface v0.103
[    4.844020] loop: module loaded
[    4.844497] tun: Universal TUN/TAP device driver, 1.6
[    4.844664] PPP generic driver version 2.4.2
[    4.844826] xen_netfront: Initialising Xen virtual ethernet driver
[    4.845007] VFIO - User Level meta-driver version: 0.3
[    4.845258] ehci_hcd: USB 2.0 'Enhanced' Host Controller (EHCI) Driver
[    4.845339] ehci-pci: EHCI PCI platform driver
[    4.845419] ehci-platform: EHCI generic platform driver
[    4.845571] ohci_hcd: USB 1.1 'Open' Host Controller (OHCI) Driver
[    4.845646] ohci-pci: OHCI PCI platform driver
[    4.845720] ohci-platform: OHCI generic platform driver
[    4.845807] uhci_hcd: USB Universal Host Controller Interface driver
[    4.846004] xen: registering gsi 39 triggering 0 polarity 1
[    4.846022] Already setup the GSI :39
[    4.846214] xhci_hcd 0000:03:00.3: xHCI Host Controller
[    4.846288] xhci_hcd 0000:03:00.3: new USB bus registered, assigned bus number 1
[    4.846491] xhci_hcd 0000:03:00.3: hcc params 0x0260ffe5 hci version 0x110 quirks 0x0000000000000410
[    4.847107] xhci_hcd 0000:03:00.3: xHCI Host Controller
[    4.847179] xhci_hcd 0000:03:00.3: new USB bus registered, assigned bus number 2
[    4.847272] xhci_hcd 0000:03:00.3: Host supports USB 3.1 Enhanced SuperSpeed
[    4.847385] usb usb1: New USB device found, idVendor=1d6b, idProduct=0002, bcdDevice= 5.04
[    4.847482] usb usb1: New USB device strings: Mfr=3, Product=2, SerialNumber=1
[    4.847574] usb usb1: Product: xHCI Host Controller
[    4.847643] usb usb1: Manufacturer: Linux 5.4.0-164-generic xhci-hcd
[    4.847718] usb usb1: SerialNumber: 0000:03:00.3
[    4.847933] hub 1-0:1.0: USB hub found
[    4.848015] hub 1-0:1.0: 2 ports detected
[    4.848477] usb usb2: We don't know the algorithms for LPM for this host, disabling LPM.
[    4.848594] usb usb2: New USB device found, idVendor=1d6b, idProduct=0003, bcdDevice= 5.04
[    4.848689] usb usb2: New USB device strings: Mfr=3, Product=2, SerialNumber=1
[    4.848781] usb usb2: Product: xHCI Host Controller
[    4.848849] usb usb2: Manufacturer: Linux 5.4.0-164-generic xhci-hcd
[    4.848924] usb usb2: SerialNumber: 0000:03:00.3
[    4.849087] hub 2-0:1.0: USB hub found
[    4.849157] hub 2-0:1.0: 2 ports detected
[    4.849636] xen: registering gsi 71 triggering 0 polarity 1
[    4.849640] Already setup the GSI :71
[    4.849802] xhci_hcd 0000:44:00.3: xHCI Host Controller
[    4.849874] xhci_hcd 0000:44:00.3: new USB bus registered, assigned bus number 3
[    4.850050] xhci_hcd 0000:44:00.3: hcc params 0x0260ffe5 hci version 0x110 quirks 0x0000000000000410
[    4.850636] xhci_hcd 0000:44:00.3: xHCI Host Controller
[    4.850709] xhci_hcd 0000:44:00.3: new USB bus registered, assigned bus number 4
[    4.850802] xhci_hcd 0000:44:00.3: Host supports USB 3.1 Enhanced SuperSpeed
[    4.850907] usb usb3: New USB device found, idVendor=1d6b, idProduct=0002, bcdDevice= 5.04
[    4.851002] usb usb3: New USB device strings: Mfr=3, Product=2, SerialNumber=1
[    4.851094] usb usb3: Product: xHCI Host Controller
[    4.851163] usb usb3: Manufacturer: Linux 5.4.0-164-generic xhci-hcd
[    4.851237] usb usb3: SerialNumber: 0000:44:00.3
[    4.851422] hub 3-0:1.0: USB hub found
[    4.851492] hub 3-0:1.0: 2 ports detected
[    4.851858] usb usb4: We don't know the algorithms for LPM for this host, disabling LPM.
[    4.851980] usb usb4: New USB device found, idVendor=1d6b, idProduct=0003, bcdDevice= 5.04
[    4.852076] usb usb4: New USB device strings: Mfr=3, Product=2, SerialNumber=1
[    4.852167] usb usb4: Product: xHCI Host Controller
[    4.852235] usb usb4: Manufacturer: Linux 5.4.0-164-generic xhci-hcd
[    4.852310] usb usb4: SerialNumber: 0000:44:00.3
[    4.852489] hub 4-0:1.0: USB hub found
[    4.852558] hub 4-0:1.0: 2 ports detected
[    4.853012] i8042: PNP: No PS/2 controller found.
[    4.853166] mousedev: PS/2 mouse device common for all mice
[    4.853393] rtc_cmos 00:02: RTC can wake from S4
[    4.853564] rtc_cmos 00:02: registered as rtc0
[    4.853641] rtc_cmos 00:02: no alarms, y3k, 114 bytes nvram
[    4.853716] i2c /dev entries driver
[    4.853831] device-mapper: uevent: version 1.0.3
[    4.853968] device-mapper: ioctl: 4.41.0-ioctl (2019-09-16) initialised: dm-devel@redhat.com
[    4.854077] platform eisa.0: Probing EISA bus 0
[    4.854145] platform eisa.0: EISA: Cannot allocate resource for mainboard
[    4.854222] platform eisa.0: Cannot allocate resource for EISA slot 1
[    4.854296] platform eisa.0: Cannot allocate resource for EISA slot 2
[    4.854371] platform eisa.0: Cannot allocate resource for EISA slot 3
[    4.854446] platform eisa.0: Cannot allocate resource for EISA slot 4
[    4.854525] platform eisa.0: Cannot allocate resource for EISA slot 5
[    4.854599] platform eisa.0: Cannot allocate resource for EISA slot 6
[    4.854707] platform eisa.0: Cannot allocate resource for EISA slot 7
[    4.854781] platform eisa.0: Cannot allocate resource for EISA slot 8
[    4.854856] platform eisa.0: EISA: Detected 0 cards
[    4.856107] ledtrig-cpu: registered to indicate activity on CPUs
[    4.856365] drop_monitor: Initializing network drop monitor service
[    4.856590] NET: Registered protocol family 10
[    4.866987] Segment Routing with IPv6
[    4.867069] NET: Registered protocol family 17
[    4.867232] Key type dns_resolver registered
[    4.868925] mce: Unable to init device /dev/mcelog, already registered
[    4.868962] RAS: Correctable Errors collector initialized.
[    4.869116] IPI shorthand broadcast: enabled
[    4.869198] sched_clock: Marking stable (4832947829, 35972249)->(4523350124, 345569954)
[    4.870172] registered taskstats version 1
[    4.870248] Loading compiled-in X.509 certificates
[    4.871033] Loaded X.509 cert 'Build time autogenerated kernel key: a3a6422c79ac68b1f221cbe64ad735c9e3316473'
[    4.871562] Loaded X.509 cert 'Canonical Ltd. Live Patch Signing: 14df34d1a87cf37625abec039ef2bf521249b969'
[    4.872094] Loaded X.509 cert 'Canonical Ltd. Kernel Module Signing: 88f752e560a1e0737e31163a466ad7b70a850c19'
[    4.872196] blacklist: Loading compiled-in revocation X.509 certificates
[    4.872284] Loaded X.509 cert 'Canonical Ltd. Secure Boot Signing: 61482aa2830d0ab2ad5af10b7250da9033ddcef0'
[    4.872396] Loaded X.509 cert 'Canonical Ltd. Secure Boot Signing (2017): 242ade75ac4a15e50d50c84b0d45ff3eae707a03'
[    4.872509] Loaded X.509 cert 'Canonical Ltd. Secure Boot Signing (ESM 2018): 365188c1d374d6b07c3c8f240f8ef722433d6a8b'
[    4.872623] Loaded X.509 cert 'Canonical Ltd. Secure Boot Signing (2019): c0746fd6c5da3ae827864651ad66ae47fe24b3e8'
[    4.872772] Loaded X.509 cert 'Canonical Ltd. Secure Boot Signing (2021 v1): a8d54bbb3825cfb94fa13c9f8a594a195c107b8d'
[    4.872885] Loaded X.509 cert 'Canonical Ltd. Secure Boot Signing (2021 v2): 4cf046892d6fd3c9a5b03f98d845f90851dc6a8c'
[    4.873003] Loaded X.509 cert 'Canonical Ltd. Secure Boot Signing (2021 v3): 100437bb6de6e469b581e61cd66bce3ef4ed53af'
[    4.873118] Loaded X.509 cert 'Canonical Ltd. Secure Boot Signing (Ubuntu Core 2019): c1d57b8f6b743f23ee41f4f7ee292f06eecadfb9'
[    4.873310] zswap: loaded using pool lzo/zbud
[    4.874183] Key type ._fscrypt registered
[    4.874249] Key type .fscrypt registered
[    4.884086] Key type big_key registered
[    4.888244] Key type encrypted registered
[    4.888312] AppArmor: AppArmor sha1 policy hashing enabled
[    4.888388] ima: No TPM chip found, activating TPM-bypass!
[    4.888462] ima: Allocated hash algorithm: sha1
[    4.888538] ima: No architecture policies found
[    4.888617] evm: Initialising EVM extended attributes:
[    4.888687] evm: security.selinux
[    4.888749] evm: security.SMACK64
[    4.888811] evm: security.SMACK64EXEC
[    4.888874] evm: security.SMACK64TRANSMUTE
[    4.888939] evm: security.SMACK64MMAP
[    4.889003] evm: security.apparmor
[    4.889065] evm: security.ima
[    4.889126] evm: security.capability
[    4.889189] evm: HMAC attrs: 0x1
[    4.891018] PM:   Magic number: 0:664:250
[    4.891180] pci 0000:40:05.0: hash matches
[    4.891393] memory memory124: hash matches
[    4.891853] rtc_cmos 00:02: setting system clock to 2024-03-01T23:12:03 UTC (1709334723)
[    4.892074] BIOS EDD facility v0.16 2004-Jun-25, 2 devices found
[    4.893400] Freeing unused decrypted memory: 2040K
[    4.894124] Freeing unused kernel image memory: 2764K
[    4.912198] Write protecting the kernel read-only data: 22528k
[    4.919455] Freeing unused kernel image memory: 2036K
[    4.919961] Freeing unused kernel image memory: 1332K
[    5.052209] x86/mm: Checked W+X mappings: passed, no W+X pages found.
[    5.052299] Run /init as init process
[    5.111997] usb 3-1: new high-speed USB device number 2 using xhci_hcd
[    5.260985] usb 3-1: New USB device found, idVendor=1604, idProduct=10c0, bcdDevice= 0.00
[    5.261112] usb 3-1: New USB device strings: Mfr=0, Product=0, SerialNumber=0
[    5.282873] wmi_bus wmi_bus-PNP0C14:00: WQBC data block query control method not found
[    5.283458] piix4_smbus 0000:00:14.0: SMBus Host Controller at 0xb00, revision 0
[    5.283554] piix4_smbus 0000:00:14.0: Using register 0x02 for SMBus port selection
[    5.283794] piix4_smbus 0000:00:14.0: Auxiliary SMBus Host Controller at 0xb20
[    5.288749] ahci 0000:83:00.0: version 3.0
[    5.288862] xen: registering gsi 105 triggering 0 polarity 1
[    5.288912] xen: --> pirq=105 -> irq=105 (gsi=105)
[    5.289295] ahci 0000:83:00.0: AHCI 0001.0301 32 slots 8 ports 6 Gbps 0xff impl SATA mode
[    5.289403] ahci 0000:83:00.0: flags: 64bit ncq sntf ilck pm led clo only pmp fbs pio slum part sxs 
[    5.290393] scsi host0: ahci
[    5.290709] scsi host1: ahci
[    5.290936] scsi host2: ahci
[    5.291162] scsi host3: ahci
[    5.291397] scsi host4: ahci
[    5.291614] scsi host5: ahci
[    5.292020] scsi host6: ahci
[    5.292260] scsi host7: ahci
[    5.292376] ata1: SATA max UDMA/133 abar m2048@0xbf000000 port 0xbf000100 irq 378
[    5.292479] ata2: SATA max UDMA/133 abar m2048@0xbf000000 port 0xbf000180 irq 379
[    5.292580] ata3: SATA max UDMA/133 abar m2048@0xbf000000 port 0xbf000200 irq 380
[    5.292678] ata4: SATA max UDMA/133 abar m2048@0xbf000000 port 0xbf000280 irq 381
[    5.292776] ata5: SATA max UDMA/133 abar m2048@0xbf000000 port 0xbf000300 irq 382
[    5.292873] ata6: SATA max UDMA/133 abar m2048@0xbf000000 port 0xbf000380 irq 383
[    5.292973] ata7: SATA max UDMA/133 abar m2048@0xbf000000 port 0xbf000400 irq 384
[    5.293074] ata8: SATA max UDMA/133 abar m2048@0xbf000000 port 0xbf000480 irq 385
[    5.295183] xen: registering gsi 24 triggering 0 polarity 1
[    5.295219] xen: --> pirq=24 -> irq=24 (gsi=24)
[    5.295459] mlx5_core 0000:01:00.0: firmware version: 16.28.4512
[    5.295578] mlx5_core 0000:01:00.0: 126.016 Gb/s available PCIe bandwidth (8.0 GT/s PCIe x16 link)
[    5.299258] hub 3-1:1.0: USB hub found
[    5.299578] hub 3-1:1.0: 4 ports detected
[    5.580736] mlx5_core 0000:01:00.0: Rate limit: 127 rates are supported, range: 0Mbps to 24414Mbps
[    5.580844] mlx5_core 0000:01:00.0: E-Switch: Total vports 2, per vport: max uc(1024) max mc(16384)
[    5.594512] mlx5_core 0000:01:00.0: Port module event: module 0, Cable plugged
[    5.595062] mlx5_core 0000:01:00.0: mlx5_pcie_event:294:(pid 417): PCIe slot advertised sufficient power (75W).
[    5.606736] ata1: SATA link down (SStatus 0 SControl 300)
[    5.607035] ata7: SATA link down (SStatus 0 SControl 300)
[    5.607200] ata6: SATA link down (SStatus 0 SControl 300)
[    5.607334] ata8: SATA link down (SStatus 0 SControl 300)
[    5.607467] ata5: SATA link down (SStatus 0 SControl 300)
[    5.607598] ata2: SATA link down (SStatus 0 SControl 300)
[    5.609580] xen: registering gsi 25 triggering 0 polarity 1
[    5.609617] xen: --> pirq=25 -> irq=25 (gsi=25)
[    5.609957] mlx5_core 0000:01:00.1: firmware version: 16.28.4512
[    5.610078] mlx5_core 0000:01:00.1: 126.016 Gb/s available PCIe bandwidth (8.0 GT/s PCIe x16 link)
[    5.700014] clocksource: tsc: mask: 0xffffffffffffffff max_cycles: 0x2b29918c98b, max_idle_ns: 440795222831 ns
[    5.713848] clocksource: Switched to clocksource tsc
[    5.768029] ata3: SATA link up 6.0 Gbps (SStatus 133 SControl 300)
[    5.768150] ata4: SATA link up 6.0 Gbps (SStatus 133 SControl 300)
[    5.768417] ata3.00: failed to read native max address (err_mask=0x1)
[    5.768519] ata3.00: HPA support seems broken, skipping HPA handling
[    5.768674] ata4.00: failed to read native max address (err_mask=0x1)
[    5.768778] ata4.00: HPA support seems broken, skipping HPA handling
[    5.770289] ata3.00: ATA-11: MZ7KH480HAHQ0D3,     HF58, max UDMA/133
[    5.770373] ata3.00: 937703088 sectors, multi 16: LBA48 NCQ (depth 32), AA
[    5.770459] ata4.00: ATA-11: MZ7KH480HAHQ0D3,     HF58, max UDMA/133
[    5.770551] ata4.00: 937703088 sectors, multi 16: LBA48 NCQ (depth 32), AA
[    5.772427] ata3.00: configured for UDMA/133
[    5.772509] ata4.00: configured for UDMA/133
[    5.782813] scsi 2:0:0:0: Direct-Access     ATA      MZ7KH480HAHQ0D3  HF58 PQ: 0 ANSI: 5
[    5.783282] sd 2:0:0:0: Attached scsi generic sg0 type 0
[    5.783499] sd 2:0:0:0: [sda] 937703088 512-byte logical blocks: (480 GB/447 GiB)
[    5.783598] sd 2:0:0:0: [sda] 4096-byte physical blocks
[    5.783678] sd 2:0:0:0: [sda] Write Protect is off
[    5.783743] scsi 3:0:0:0: Direct-Access     ATA      MZ7KH480HAHQ0D3  HF58 PQ: 0 ANSI: 5
[    5.783748] sd 2:0:0:0: [sda] Mode Sense: 00 3a 00 00
[    5.783863] sd 2:0:0:0: [sda] Write cache: disabled, read cache: enabled, doesn't support DPO or FUA
[    5.784048] sd 3:0:0:0: Attached scsi generic sg1 type 0
[    5.784291] sd 3:0:0:0: [sdb] 937703088 512-byte logical blocks: (480 GB/447 GiB)
[    5.784412] sd 3:0:0:0: [sdb] 4096-byte physical blocks
[    5.784561] sd 3:0:0:0: [sdb] Write Protect is off
[    5.784638] sd 3:0:0:0: [sdb] Mode Sense: 00 3a 00 00
[    5.784739] sd 3:0:0:0: [sdb] Write cache: disabled, read cache: enabled, doesn't support DPO or FUA
[    5.899675] mlx5_core 0000:01:00.1: Rate limit: 127 rates are supported, range: 0Mbps to 24414Mbps
[    5.899784] mlx5_core 0000:01:00.1: E-Switch: Total vports 2, per vport: max uc(1024) max mc(16384)
[    5.909297]  sda: sda1 sda2 sda3 sda4
[    5.917433] mlx5_core 0000:01:00.1: Port module event: module 1, Cable unplugged
[    5.917870] mlx5_core 0000:01:00.1: mlx5_pcie_event:294:(pid 7): PCIe slot advertised sufficient power (75W).
[    5.928260] sd 3:0:0:0: [sdb] Attached SCSI removable disk
[    5.934586] xen: registering gsi 86 triggering 0 polarity 1
[    5.934643] xen: --> pirq=86 -> irq=86 (gsi=86)
[    5.934896] mlx5_core 0000:41:00.0: firmware version: 16.28.4512
[    5.935022] mlx5_core 0000:41:00.0: 126.016 Gb/s available PCIe bandwidth (8.0 GT/s PCIe x16 link)
[    5.940262] sd 2:0:0:0: [sda] Attached SCSI removable disk
[    6.019993] usb 3-1.1: new high-speed USB device number 3 using xhci_hcd
[    6.124940] usb 3-1.1: New USB device found, idVendor=1604, idProduct=10c0, bcdDevice= 0.00
[    6.125045] usb 3-1.1: New USB device strings: Mfr=0, Product=0, SerialNumber=0
[    6.163265] hub 3-1.1:1.0: USB hub found
[    6.163563] hub 3-1.1:1.0: 4 ports detected
[    6.238915] mlx5_core 0000:41:00.0: Rate limit: 127 rates are supported, range: 0Mbps to 24414Mbps
[    6.239030] mlx5_core 0000:41:00.0: E-Switch: Total vports 6, per vport: max uc(1024) max mc(16384)
[    6.244119] usb 3-1.4: new high-speed USB device number 4 using xhci_hcd
[    6.252723] mlx5_core 0000:41:00.0: Port module event: module 0, Cable plugged
[    6.253101] mlx5_core 0000:41:00.0: mlx5_pcie_event:294:(pid 300): PCIe slot advertised sufficient power (75W).
[    6.267534] xen: registering gsi 87 triggering 0 polarity 1
[    6.267581] xen: --> pirq=87 -> irq=87 (gsi=87)
[    6.267931] mlx5_core 0000:41:00.1: firmware version: 16.28.4512
[    6.268069] mlx5_core 0000:41:00.1: 126.016 Gb/s available PCIe bandwidth (8.0 GT/s PCIe x16 link)
[    6.344939] usb 3-1.4: New USB device found, idVendor=1604, idProduct=10c0, bcdDevice= 0.00
[    6.345045] usb 3-1.4: New USB device strings: Mfr=0, Product=0, SerialNumber=0
[    6.387213] hub 3-1.4:1.0: USB hub found
[    6.387563] hub 3-1.4:1.0: 4 ports detected
[    6.576371] mlx5_core 0000:41:00.1: Rate limit: 127 rates are supported, range: 0Mbps to 24414Mbps
[    6.576489] mlx5_core 0000:41:00.1: E-Switch: Total vports 6, per vport: max uc(1024) max mc(16384)
[    6.595066] mlx5_core 0000:41:00.1: Port module event: module 1, Cable plugged
[    6.595453] mlx5_core 0000:41:00.1: mlx5_pcie_event:294:(pid 416): PCIe slot advertised sufficient power (75W).
[    6.612001] mlx5_core 0000:01:00.0: MLX5E: StrdRq(1) RqSz(8) StrdSz(2048) RxCqeCmprss(0)
[    6.814684] mlx5_core 0000:01:00.1: MLX5E: StrdRq(1) RqSz(8) StrdSz(2048) RxCqeCmprss(0)
[    7.020591] mlx5_core 0000:41:00.0: MLX5E: StrdRq(1) RqSz(8) StrdSz(2048) RxCqeCmprss(0)
[    7.233231] mlx5_core 0000:41:00.1: MLX5E: StrdRq(1) RqSz(8) StrdSz(2048) RxCqeCmprss(0)
[    7.459774] mlx5_ib: Mellanox Connect-IB Infiniband driver v5.0-0
[    7.699985] raid6: avx2x4   gen() 36768 MB/s
[    7.747980] raid6: avx2x4   xor() 15854 MB/s
[    7.795979] raid6: avx2x2   gen() 34158 MB/s
[    7.843978] raid6: avx2x2   xor() 23582 MB/s
[    7.891979] raid6: avx2x1   gen() 16626 MB/s
[    7.939978] raid6: avx2x1   xor() 18559 MB/s
[    7.987981] raid6: sse2x4   gen() 19918 MB/s
[    8.035979] raid6: sse2x4   xor() 10506 MB/s
[    8.083984] raid6: sse2x2   gen() 15817 MB/s
[    8.131981] raid6: sse2x2   xor() 12011 MB/s
[    8.179982] raid6: sse2x1   gen()  7329 MB/s
[    8.227983] raid6: sse2x1   xor()  9034 MB/s
[    8.228063] raid6: using algorithm avx2x4 gen() 36768 MB/s
[    8.228133] raid6: .... xor() 15854 MB/s, rmw enabled
[    8.228206] raid6: using avx2x2 recovery algorithm
[    8.229611] xor: automatically using best checksumming function   avx       
[    8.230741] async_tx: api initialized (async)
[    8.299515] EXT4-fs (sda1): mounting ext3 file system using the ext4 subsystem
[    8.303638] EXT4-fs (sda1): mounted filesystem with ordered data mode. Opts: (null)
[    8.431353] systemd[1]: Inserted module 'autofs4'
[    8.444125] systemd[1]: systemd 245.4-4ubuntu3.23 running in system mode. (+PAM +AUDIT +SELINUX +IMA +APPARMOR +SMACK +SYSVINIT +UTMP +LIBCRYPTSETUP +GCRYPT +GNUTLS +ACL +XZ +LZ4 +SECCOMP +BLKID +ELFUTILS +KMOD +IDN2 -IDN +PCRE2 default-hierarchy=hybrid)
[    8.445385] systemd[1]: Detected architecture x86-64.
[    8.465854] systemd[1]: Set hostname to <localhost>.
[    8.581526] systemd[1]: Created slice system-modprobe.slice.
[    8.582015] systemd[1]: Created slice system-serial\x2dgetty.slice.
[    8.582325] systemd[1]: Created slice User and Session Slice.
[    8.582502] systemd[1]: Started Dispatch Password Requests to Console Directory Watch.
[    8.582685] systemd[1]: Started Forward Password Requests to Wall Directory Watch.
[    8.582998] systemd[1]: Set up automount Arbitrary Executable File Formats File System Automount Point.
[    8.583175] systemd[1]: Reached target Local Encrypted Volumes.
[    8.583324] systemd[1]: Reached target User and Group Name Lookups.
[    8.583444] systemd[1]: Reached target Paths.
[    8.583563] systemd[1]: Reached target Slices.
[    8.583727] systemd[1]: Listening on Device-mapper event daemon FIFOs.
[    8.583931] systemd[1]: Listening on LVM2 poll daemon socket.
[    8.591927] systemd[1]: Listening on RPCbind Server Activation Socket.
[    8.592229] systemd[1]: Listening on Syslog Socket.
[    8.592446] systemd[1]: Listening on fsck to fsckd communication Socket.
[    8.592619] systemd[1]: Listening on initctl Compatibility Named Pipe.
[    8.592911] systemd[1]: Listening on Journal Audit Socket.
[    8.593119] systemd[1]: Listening on Journal Socket (/dev/log).
[    8.593340] systemd[1]: Listening on Journal Socket.
[    8.593555] systemd[1]: Listening on udev Control Socket.
[    8.593736] systemd[1]: Listening on udev Kernel Socket.
[    8.593972] systemd[1]: Condition check resulted in Huge Pages File System being skipped.
[    8.595332] systemd[1]: Mounting POSIX Message Queue File System...
[    8.596869] systemd[1]: Mounting RPC Pipe File System...
[    8.598588] systemd[1]: Mounting Kernel Debug File System...
[    8.600265] systemd[1]: Mounting Kernel Trace File System...
[    8.603698] systemd[1]: Starting Journal Service...
[    8.605260] systemd[1]: Starting Set the console keyboard layout...
[    8.606800] systemd[1]: Starting Create list of static device nodes for the current kernel...
[    8.608743] systemd[1]: Starting Monitoring of LVM2 mirrors, snapshots etc. using dmeventd or progress polling...
[    8.610754] systemd[1]: Starting Load Kernel Module chromeos_pstore...
[    8.612556] systemd[1]: Starting Load Kernel Module drm...
[    8.613650] RPC: Registered named UNIX socket transport module.
[    8.613743] RPC: Registered udp transport module.
[    8.613821] RPC: Registered tcp transport module.
[    8.613905] RPC: Registered tcp NFSv4.1 backchannel transport module.
[    8.614404] systemd[1]: Starting Load Kernel Module efi_pstore...
[    8.616161] systemd[1]: Starting Load Kernel Module pstore_blk...
[    8.617902] systemd[1]: Starting Load Kernel Module pstore_zone...
[    8.619780] systemd[1]: Starting Load Kernel Module ramoops...
[    8.620676] systemd[1]: Condition check resulted in Set Up Additional Binary Formats being skipped.
[    8.620868] systemd[1]: Condition check resulted in File System Check on Root Device being skipped.
[    8.622969] systemd[1]: Starting Load Kernel Modules...
[    8.624504] systemd[1]: Starting Remount Root and Kernel File Systems...
[    8.626355] systemd[1]: Starting udev Coldplug all Devices...
[    8.628317] systemd[1]: Mounted POSIX Message Queue File System.
[    8.628607] systemd[1]: Mounted RPC Pipe File System.
[    8.628864] systemd[1]: Mounted Kernel Debug File System.
[    8.629131] systemd[1]: Mounted Kernel Trace File System.
[    8.629707] systemd[1]: Finished Create list of static device nodes for the current kernel.
[    8.630145] systemd[1]: modprobe@drm.service: Succeeded.
[    8.630498] systemd[1]: Finished Load Kernel Module drm.
[    8.630873] systemd[1]: modprobe@efi_pstore.service: Succeeded.
[    8.631263] systemd[1]: Finished Load Kernel Module efi_pstore.
[    8.631658] systemd[1]: modprobe@pstore_blk.service: Succeeded.
[    8.632081] systemd[1]: Finished Load Kernel Module pstore_blk.
[    8.632475] systemd[1]: modprobe@pstore_zone.service: Succeeded.
[    8.632848] systemd[1]: Finished Load Kernel Module pstore_zone.
[    8.633209] systemd[1]: modprobe@ramoops.service: Succeeded.
[    8.633568] systemd[1]: Finished Load Kernel Module ramoops.
[    8.634136] systemd[1]: Finished Load Kernel Modules.
[    8.634990] EXT4-fs (sda1): re-mounted. Opts: errors=remount-ro
[    8.636233] systemd[1]: Mounting FUSE Control File System...
[    8.637833] systemd[1]: Mounting Kernel Configuration File System...
[    8.639422] systemd[1]: Started Device-mapper event daemon.
[    8.641229] systemd[1]: Starting Apply Kernel Variables...
[    8.643860] systemd[1]: Finished Remount Root and Kernel File Systems.
[    8.644198] systemd[1]: Mounted FUSE Control File System.
[    8.644445] systemd[1]: Mounted Kernel Configuration File System.
[    8.644934] systemd[1]: Condition check resulted in Rebuild Hardware Database being skipped.
[    8.646471] systemd[1]: Starting Load/Save Random Seed...
[    8.647941] systemd[1]: Starting Create System Users...
[    8.655013] systemd[1]: Finished Load/Save Random Seed.
[    8.660362] systemd[1]: Finished Create System Users.
[    8.662032] systemd[1]: Starting Create Static Device Nodes in /dev...
[    8.667404] systemd[1]: Finished Set the console keyboard layout.
[    8.676600] systemd[1]: Finished Create Static Device Nodes in /dev.
[    8.678776] systemd[1]: Starting udev Kernel Device Manager...
[    8.689180] systemd[1]: modprobe@chromeos_pstore.service: Succeeded.
[    8.689578] systemd[1]: Finished Load Kernel Module chromeos_pstore.
[    8.689803] systemd[1]: Condition check resulted in Platform Persistent Storage Archival being skipped.
[    8.690861] systemd[1]: Finished Apply Kernel Variables.
[    8.706633] systemd[1]: Started udev Kernel Device Manager.
[    8.780696] systemd[1]: Started Journal Service.
[    8.794631] systemd-journald[668]: Received client request to flush runtime journal.
[    8.956349] ACPI Error: No handler for Region [SYSI] (0000000086f020ed) [IPMI] (20190816/evregion-129)
[    8.956460] ACPI Error: Region IPMI (ID=7) has no handler (20190816/exfldio-261)
[    8.956559] No Local Variables are initialized for Method [_GHL]
[    8.956560] No Arguments are initialized for method [_GHL]
[    8.956561] ACPI Error: Aborting method \_SB.PMI0._GHL due to previous error (AE_NOT_EXIST) (20190816/psparse-529)
[    8.956672] ACPI Error: Aborting method \_SB.PMI0._PMC due to previous error (AE_NOT_EXIST) (20190816/psparse-529)
[    8.956782] ACPI Error: AE_NOT_EXIST, Evaluating _PMC (20190816/power_meter-743)
[    8.969074] IPMI message handler: version 39.2
[    8.971011] ipmi device interface
[    8.973769] ipmi_si: IPMI System Interface driver
[    8.973811] ipmi_si dmi-ipmi-si.0: ipmi_platform: probing via SMBIOS
[    8.973813] ipmi_platform: ipmi_si: SMBIOS: io 0xca8 regsize 1 spacing 4 irq 10
[    8.973814] ipmi_si: Adding SMBIOS-specified kcs state machine
[    8.974099] ipmi_si IPI0001:00: ipmi_platform: probing via ACPI
[    8.974130] ipmi_si IPI0001:00: ipmi_platform: [io  0x0ca8] regsize 1 spacing 4 irq 10
[    8.974131] ipmi_si dmi-ipmi-si.0: Removing SMBIOS-specified kcs state machine in favor of ACPI
[    8.974131] ipmi_si: Adding ACPI-specified kcs state machine
[    8.974389] ipmi_si: Trying ACPI-specified kcs state machine at i/o address 0xca8, slave address 0x20, irq 10
[    9.038841] xen: registering gsi 69 triggering 0 polarity 1
[    9.038936] xen: --> pirq=69 -> irq=69 (gsi=69)
[    9.039336] ccp 0000:44:00.1: no command queues available
[    9.039337] ccp 0000:44:00.1: ccp initialization failed
[    9.039514] ccp 0000:44:00.1: psp enabled
[    9.084700] ccp 0000:44:00.1: SEV API:0.0 build:0
[    9.137866] cryptd: max_cpu_qlen set to 1000
[    9.138867] dcdbas dcdbas: Dell Systems Management Base Driver (version 5.6.0-3.3)
[    9.144662] AVX2 version of gcm_enc/dec engaged.
[    9.144664] AES CTR mode by8 optimization enabled
[    9.145704] mgag200 0000:c2:00.0: remove_conflicting_pci_framebuffers: bar 0: 0xc6000000 -> 0xc6ffffff
[    9.145705] mgag200 0000:c2:00.0: remove_conflicting_pci_framebuffers: bar 1: 0xda808000 -> 0xda80bfff
[    9.145706] mgag200 0000:c2:00.0: remove_conflicting_pci_framebuffers: bar 2: 0xda000000 -> 0xda7fffff
[    9.145708] mgag200 0000:c2:00.0: vgaarb: deactivate vga console
[    9.146619] Console: switching to colour dummy device 80x25
[    9.146803] xen: registering gsi 125 triggering 0 polarity 1
[    9.146857] xen: --> pirq=125 -> irq=125 (gsi=125)
[    9.146901] xen: registering gsi 125 triggering 0 polarity 1
[    9.146904] Already setup the GSI :125
[    9.151006] Decoding supported only on Scalable MCA processors.
[    9.156067] [TTM] Zone  kernel: Available graphics memory: 1564400 KiB
[    9.156068] [TTM] Initializing pool allocator
[    9.156070] [TTM] Initializing DMA pool allocator
[    9.196891] Adding 3145724k swap on /dev/sda3.  Priority:-2 extents:1 across:3145724k SSFS
[    9.322046] mgag200 0000:c2:00.0: VGA-1: EDID is invalid:
[    9.322048] 	[00] BAD  00 ff ff ff ff ff ff 00 ff ff ff ff ff ff ff ff
[    9.322049] 	[00] BAD  ff ff ff ff ff ff ff ff e7 ff ff ff ff ff ff ff
[    9.322049] 	[00] BAD  ff ff ff ff ff ff ff ff ff ff ff ff ff ff ff ff
[    9.322050] 	[00] BAD  ff ff ff ff ff ff ff ff ff ff ff ff ff ff ff ff
[    9.322050] 	[00] BAD  ff ff ff ff ff ff ff ff ff ff ff ff ff ff ff ff
[    9.322051] 	[00] BAD  ff ff ff ff ff ff ff ff ff ff ff ff ff ff ff ff
[    9.322051] 	[00] BAD  ff ff ff ff ff ff ff ff ff ff ff ff ff ff ff ff
[    9.322051] 	[00] BAD  ff ff ff ff ff ff ff ff ff ff ff ff ff ff ff 97
[    9.322749] fbcon: mgag200drmfb (fb0) is primary device
[    9.380031] ipmi_si IPI0001:00: The BMC does not support setting the recv irq bit, compensating, but the BMC needs to be fixed.
[    9.452172] ipmi_si IPI0001:00: Using irq 10
[    9.488109] ipmi_si IPI0001:00: IPMI message handler: Found new BMC (man_id: 0x0002a2, prod_id: 0x0100, dev_id: 0x20)
[    9.563130] ipmi_si IPI0001:00: IPMI kcs interface initialized
[    9.565718] ipmi_ssif: IPMI SSIF Interface driver
[    9.692014] Console: switching to colour frame buffer device 128x48
[    9.693651] mgag200 0000:c2:00.0: fb0: mgag200drmfb frame buffer device
[    9.727686] EXT4-fs (dm-4): couldn't mount as ext3 due to feature incompatibilities
[    9.731738] EXT4-fs (dm-5): couldn't mount as ext3 due to feature incompatibilities
[    9.737695] EXT4-fs (dm-6): couldn't mount as ext3 due to feature incompatibilities
[    9.796027] [drm] Initialized mgag200 1.0.0 20110418 for 0000:c2:00.0 on minor 0
[   10.024416] openvswitch: Open vSwitch switching datapath
[   10.193516] mlx5_core 0000:41:00.1 eth3: Link down
[   10.448700] mlx5_core 0000:41:00.0 eth2: Link down
[   10.680902] mlx5_core 0000:01:00.1 eth1: Link down
[   10.928548] mlx5_core 0000:01:00.0 eth0: Link up
[   10.932010] IPv6: ADDRCONF(NETDEV_CHANGE): eth0: link becomes ready
[   11.041007] xen:xen_evtchn: Event-channel device installed
[   13.024691] bridge: filtering via arp/ip/ip6tables is no longer available by default. Update your scripts to load br_netfilter if you need this.
[   13.032948] xenbr0: port 1(eth0) entered blocking state
[   13.032950] xenbr0: port 1(eth0) entered disabled state
[   13.033052] device eth0 entered promiscuous mode
[   13.043885] mlx5_core 0000:01:00.0 eth0: S-tagged traffic will be dropped while C-tag vlan stripping is enabled
[   13.046654] xenbr0: port 1(eth0) entered blocking state
[   13.046656] xenbr0: port 1(eth0) entered forwarding state
[   13.293250] ipod: loading out-of-tree module taints kernel.
[   13.293270] ipod: module verification failed: signature and/or required key missing - tainting kernel
[   13.293762] initializing IPOD
[   14.052019] IPv6: ADDRCONF(NETDEV_CHANGE): xenbr0: link becomes ready
[   14.456696] FS-Cache: Loaded
[   14.476322] FS-Cache: Netfs 'nfs' registered for caching
[   18.511468] bpfilter: Loaded bpfilter_umh pid 3020
[   18.511863] Started bpfilter
[   18.533081] Bridge firewalling registered
[   21.103661] EXT4-fs (dm-4): mounted filesystem with ordered data mode. Opts: (null)
[   21.476338] EXT4-fs (dm-5): mounted filesystem with ordered data mode. Opts: (null)
[   21.753245] EXT4-fs (dm-6): mounted filesystem with ordered data mode. Opts: (null)
[   30.360183] EXT4-fs (dm-12): mounting ext3 file system using the ext4 subsystem
[   30.377604] EXT4-fs (dm-12): mounted filesystem with ordered data mode. Opts: (null)
[   37.475650] xenbr0: port 2(vif1.0) entered blocking state
[   37.475652] xenbr0: port 2(vif1.0) entered disabled state
[   37.475755] device vif1.0 entered promiscuous mode
[   39.092852] xen-blkback: backend/vbd/1/51712: using 1 queues, protocol 1 (x86_64-abi) persistent grants
[   39.256872] vif vif-1-0 vif1.0: Guest Rx ready
[   39.257116] IPv6: ADDRCONF(NETDEV_CHANGE): vif1.0: link becomes ready
[   39.257200] xenbr0: port 2(vif1.0) entered blocking state
[   39.257201] xenbr0: port 2(vif1.0) entered forwarding state
[  236.302573] kprobe_init: Planted kprobe at 000000009fa263c7
[  236.302582] kprobe_init: Created procfc entry at perftop
[  236.371761] Planted return probe at perftop_show: 000000009fa263c7
[  238.577783] handler_pre: <perftop_show> p->addr = 0x000000009fa263c7, ip = ffffffffc082b001, flags = 0x203
[  238.577784] Hello from kprobe handler_pre for perftop_show 
[  238.577785] handler_pre: perftop_show called. task_struct pointer: 000000002fe40227
[  238.577792] Stack trace depth: 13
[  238.577792] handler_pre: stack_entries[0] = 0xffffffffc082b164
[  238.577793] handler_pre: stack_entries[1] = 0xffffffff81176d75
[  238.577793] handler_pre: stack_entries[2] = 0xffffffff81070ee0
[  238.577794] handler_pre: stack_entries[3] = 0xffffffff8118d16d
[  238.577794] handler_pre: stack_entries[4] = 0xffffffffc04a80da
[  238.577795] handler_pre: stack_entries[5] = 0xffffffffc082b001
[  238.577795] handler_pre: stack_entries[6] = 0xffffffff81368be3
[  238.577796] handler_pre: stack_entries[7] = 0xffffffff812d466b
[  238.577796] handler_pre: stack_entries[8] = 0xffffffff812d473b
[  238.577796] handler_pre: stack_entries[9] = 0xffffffff812d48a7
[  238.577797] handler_pre: stack_entries[10] = 0xffffffff812d493a
[  238.577797] handler_pre: stack_entries[11] = 0xffffffff81004fe7
[  238.577798] handler_pre: stack_entries[12] = 0xffffffff81c000a4
[  238.577798] Jenkins Hash Result: 2075909432
[  238.577799] handler_pre: Entry not found for jenkins_hash: 2075909432
[  238.577799] handler_pre: Stored new entry for jenkins_hash: 2075909432
[  238.577800] handler_pre: All times in nanoseconds
[  238.577800] handler_pre: Started timer, Time Stamp Counter was: 238541633642 ns
[  238.577801] handler_post: <perftop_show> p->addr = 0x000000009fa263c7, flags = 0x203
[  238.577802] perftop_show: Begin Stack Dump
[  238.577804] CPU: 14 PID: 11472 Comm: cat Tainted: G           OE     5.4.0-164-generic #181
[  238.577804] Hardware name: Dell Inc. PowerEdge C6525/04DK47, BIOS 2.0.3 01/15/2021
[  238.577805] Call Trace:
[  238.577810]  dump_stack+0x6d/0x8b
[  238.577813]  perftop_show+0x2d/0x50 [kprobe_stack_trace_save]
[  238.577815]  elfcorehdr_read+0x40/0x40
[  238.577819]  proc_reg_read+0x43/0x70
[  238.577821]  __vfs_read+0x1b/0x40
[  238.577822]  vfs_read+0xab/0x160
[  238.577823]  ksys_read+0x67/0xe0
[  238.577824]  __x64_sys_read+0x1a/0x20
[  238.577826]  do_syscall_64+0x57/0x190
[  238.577828]  entry_SYSCALL_64_after_hwframe+0x5c/0xc1
[  238.577830] RIP: 0033:0x7fd0139621f2
[  238.577831] Code: c0 e9 c2 fe ff ff 50 48 8d 3d 8a c9 0a 00 e8 d5 1a 02 00 0f 1f 44 00 00 f3 0f 1e fa 64 8b 04 25 18 00 00 00 85 c0 75 10 0f 05 <48> 3d 00 f0 ff ff 77 56 c3 0f 1f 44 00 00 48 83 ec 28 48 89 54 24
[  238.577832] RSP: 002b:00007ffc793666d8 EFLAGS: 00000246 ORIG_RAX: 0000000000000000
[  238.577833] RAX: ffffffffffffffda RBX: 0000000000020000 RCX: 00007fd0139621f2
[  238.577834] RDX: 0000000000020000 RSI: 00007fd0132c3000 RDI: 0000000000000003
[  238.577834] RBP: 00007fd0132c3000 R08: 00007fd0132c2010 R09: 0000000000000000
[  238.577835] R10: 0000000000000022 R11: 0000000000000246 R12: 00005556d73131f0
[  238.577835] R13: 0000000000000003 R14: 0000000000020000 R15: 0000000000020000
[  238.577837] perftop_show: End Stack Dump
[  238.577838] perftop_show returned 0 and took 58058 ns to execute
[  246.048262] kprobe_exit: kprobe at 000000009fa263c7 unregistered
[  246.048267] kprobe_exit: Removed procfs entry perftop
[  246.108233] kretprobe at 000000009fa263c7 unregistered
[  246.108236] Missed probing 0 instances of perftop_show
[  410.253703] kprobe_init: Planted kprobe at 000000009fa263c7
[  410.253712] kprobe_init: Created procfc entry at perftop
[  410.319996] Planted return probe at perftop_show: 000000009fa263c7
[  412.318264] handler_pre: <perftop_show> p->addr = 0x000000009fa263c7, ip = ffffffffc082b001, flags = 0x203
[  412.318265] Hello from kprobe handler_pre for perftop_show 
[  412.318266] handler_pre: perftop_show called. task_struct pointer: 000000006c43c351
[  412.318271] Stack trace depth: 13
[  412.318272] handler_pre: stack_entries[0] = 0xffffffffc082b164
[  412.318273] handler_pre: stack_entries[1] = 0xffffffff81176d75
[  412.318273] handler_pre: stack_entries[2] = 0xffffffff81070ee0
[  412.318274] handler_pre: stack_entries[3] = 0xffffffff8118d16d
[  412.318274] handler_pre: stack_entries[4] = 0xffffffffc04a80da
[  412.318275] handler_pre: stack_entries[5] = 0xffffffffc082b001
[  412.318275] handler_pre: stack_entries[6] = 0xffffffff81368be3
[  412.318276] handler_pre: stack_entries[7] = 0xffffffff812d466b
[  412.318276] handler_pre: stack_entries[8] = 0xffffffff812d473b
[  412.318277] handler_pre: stack_entries[9] = 0xffffffff812d48a7
[  412.318277] handler_pre: stack_entries[10] = 0xffffffff812d493a
[  412.318277] handler_pre: stack_entries[11] = 0xffffffff81004fe7
[  412.318278] handler_pre: stack_entries[12] = 0xffffffff81c000a4
[  412.318278] Jenkins Hash Result: 482121239
[  412.318279] handler_pre: Entry not found for jenkins_hash: 482121239
[  412.318279] handler_pre: Stored new entry for jenkins_hash: 482121239
[  412.318280] handler_pre: All times in nanoseconds
[  412.318280] handler_pre: Started timer, Time Stamp Counter was: 412281946039 ns
[  412.318281] handler_post: <perftop_show> p->addr = 0x000000009fa263c7, flags = 0x203
[  412.318282] perftop_show: Begin Stack Dump
[  412.318284] CPU: 1 PID: 13764 Comm: cat Tainted: G           OE     5.4.0-164-generic #181
[  412.318284] Hardware name: Dell Inc. PowerEdge C6525/04DK47, BIOS 2.0.3 01/15/2021
[  412.318285] Call Trace:
[  412.318289]  dump_stack+0x6d/0x8b
[  412.318292]  perftop_show+0x2d/0x50 [kprobe_stack_trace_save]
[  412.318294]  elfcorehdr_read+0x40/0x40
[  412.318297]  proc_reg_read+0x43/0x70
[  412.318299]  __vfs_read+0x1b/0x40
[  412.318299]  vfs_read+0xab/0x160
[  412.318300]  ksys_read+0x67/0xe0
[  412.318301]  __x64_sys_read+0x1a/0x20
[  412.318303]  do_syscall_64+0x57/0x190
[  412.318305]  entry_SYSCALL_64_after_hwframe+0x5c/0xc1
[  412.318307] RIP: 0033:0x7f34fee691f2
[  412.318308] Code: c0 e9 c2 fe ff ff 50 48 8d 3d 8a c9 0a 00 e8 d5 1a 02 00 0f 1f 44 00 00 f3 0f 1e fa 64 8b 04 25 18 00 00 00 85 c0 75 10 0f 05 <48> 3d 00 f0 ff ff 77 56 c3 0f 1f 44 00 00 48 83 ec 28 48 89 54 24
[  412.318308] RSP: 002b:00007ffd82e17a18 EFLAGS: 00000246 ORIG_RAX: 0000000000000000
[  412.318310] RAX: ffffffffffffffda RBX: 0000000000020000 RCX: 00007f34fee691f2
[  412.318311] RDX: 0000000000020000 RSI: 00007f34fe7ca000 RDI: 0000000000000003
[  412.318311] RBP: 00007f34fe7ca000 R08: 00007f34fe7c9010 R09: 0000000000000000
[  412.318311] R10: 0000000000000022 R11: 0000000000000246 R12: 000055611d8f11f0
[  412.318312] R13: 0000000000000003 R14: 0000000000020000 R15: 0000000000020000
[  412.318313] perftop_show: End Stack Dump
[  412.318314] perftop_show returned 0 and took 52037 ns to execute
[  414.567779] handler_pre: <perftop_show> p->addr = 0x000000009fa263c7, ip = ffffffffc082b001, flags = 0x203
[  414.567781] Hello from kprobe handler_pre for perftop_show 
[  414.567782] handler_pre: perftop_show called. task_struct pointer: 00000000783020f3
[  414.567788] Stack trace depth: 13
[  414.567789] handler_pre: stack_entries[0] = 0xffffffffc082b164
[  414.567789] handler_pre: stack_entries[1] = 0xffffffff81176d75
[  414.567790] handler_pre: stack_entries[2] = 0xffffffff81070ee0
[  414.567790] handler_pre: stack_entries[3] = 0xffffffff8118d16d
[  414.567791] handler_pre: stack_entries[4] = 0xffffffffc04a80da
[  414.567792] handler_pre: stack_entries[5] = 0xffffffffc082b001
[  414.567792] handler_pre: stack_entries[6] = 0xffffffff81368be3
[  414.567793] handler_pre: stack_entries[7] = 0xffffffff812d466b
[  414.567793] handler_pre: stack_entries[8] = 0xffffffff812d473b
[  414.567794] handler_pre: stack_entries[9] = 0xffffffff812d48a7
[  414.567794] handler_pre: stack_entries[10] = 0xffffffff812d493a
[  414.567795] handler_pre: stack_entries[11] = 0xffffffff81004fe7
[  414.567795] handler_pre: stack_entries[12] = 0xffffffff81c000a4
[  414.567796] Jenkins Hash Result: 3765749546
[  414.567797] handler_pre: Entry not found for jenkins_hash: 3765749546
[  414.567797] handler_pre: Stored new entry for jenkins_hash: 3765749546
[  414.567798] handler_pre: All times in nanoseconds
[  414.567798] handler_pre: Started timer, Time Stamp Counter was: 414531461934 ns
[  414.567799] handler_post: <perftop_show> p->addr = 0x000000009fa263c7, flags = 0x203
[  414.567800] perftop_show: Begin Stack Dump
[  414.567802] CPU: 5 PID: 13800 Comm: cat Tainted: G           OE     5.4.0-164-generic #181
[  414.567802] Hardware name: Dell Inc. PowerEdge C6525/04DK47, BIOS 2.0.3 01/15/2021
[  414.567803] Call Trace:
[  414.567809]  dump_stack+0x6d/0x8b
[  414.567812]  perftop_show+0x2d/0x50 [kprobe_stack_trace_save]
[  414.567815]  elfcorehdr_read+0x40/0x40
[  414.567818]  proc_reg_read+0x43/0x70
[  414.567821]  __vfs_read+0x1b/0x40
[  414.567822]  vfs_read+0xab/0x160
[  414.567823]  ksys_read+0x67/0xe0
[  414.567824]  __x64_sys_read+0x1a/0x20
